2026-08-23 19:27:31.468 | DEBUG    | cli              | elims_instruments.cli.boards:_repository:55 - Opening board repository with examples\bench.toml
2026-08-23 19:27:31.478 | DEBUG    | cli              | elims_instruments.database.crud:fetchall:106 - fetchall
2026-08-23 19:27:31.782 | DEBUG    | cli              | elims_instruments.cli.boards:_repository:55 - Opening board repository with C:\Users\fabie\Documents\projets\elims-instruments\.pytest-tmp\test_cli_crud_lifecycle0\bench.toml
2026-08-23 19:27:31.877 | DEBUG    | cli              | elims_instruments.database.crud:add:119 - add
2026-08-23 19:27:31.894 | DEBUG    | cli              | elims_instruments.cli.boards:_repository:55 - Opening board repository with C:\Users\fabie\Documents\projets\elims-instruments\.pytest-tmp\test_cli_crud_lifecycle0\bench.toml
2026-08-23 19:27:31.895 | DEBUG    | cli              | elims_instruments.database.crud:fetch:112 - fetch
2026-08-23 19:27:31.901 | DEBUG    | cli              | elims_instruments.cli.boards:_repository:55 - Opening board repository with C:\Users\fabie\Documents\projets\elims-instruments\.pytest-tmp\test_cli_crud_lifecycle0\bench.toml
2026-08-23 19:27:31.902 | DEBUG    | cli              | elims_instruments.database.crud:fetchall:106 - fetchall
2026-08-23 19:27:31.908 | DEBUG    | cli              | elims_instruments.cli.boards:_repository:55 - Opening board repository with C:\Users\fabie\Documents\projets\elims-instruments\.pytest-tmp\test_cli_crud_lifecycle0\bench.toml
2026-08-23 19:27:31.921 | DEBUG    | cli              | elims_instruments.cli.boards:_repository:55 - Opening board repository with C:\Users\fabie\Documents\projets\elims-instruments\.pytest-tmp\test_cli_crud_lifecycle0\bench.toml
2026-08-23 19:27:31.922 | DEBUG    | cli              | elims_instruments.database.crud:remove:136 - remove
2026-08-23 19:27:31.995 | DEBUG    | cli              | elims_instruments.cli.boards:_repository:55 - Opening board repository with C:\Users\fabie\Documents\projets\elims-instruments\.pytest-tmp\test_export_and_sync_yaml0\bench.toml
2026-08-23 19:27:32.082 | DEBUG    | cli              | elims_instruments.database.crud:add:119 - add
2026-08-23 19:27:32.097 | DEBUG    | cli              | elims_instruments.cli.boards:_repository:55 - Opening board repository with C:\Users\fabie\Documents\projets\elims-instruments\.pytest-tmp\test_export_and_sync_yaml0\bench.toml
2026-08-23 19:27:32.098 | DEBUG    | cli              | elims_instruments.database.crud:fetchall:106 - fetchall
2026-08-23 19:27:32.108 | DEBUG    | cli              | elims_instruments.cli.boards:_repository:55 - Opening board repository with C:\Users\fabie\Documents\projets\elims-instruments\.pytest-tmp\test_export_and_sync_yaml0\bench.toml
2026-08-23 19:27:32.124 | DEBUG    | cli              | elims_instruments.cli.duts:_repository:49 - Opening DUT repository with C:\Users\fabie\Documents\projets\elims-instruments\.pytest-tmp\test_cli_crud_lifecycle1\bench.toml
2026-08-23 19:27:32.209 | DEBUG    | cli              | elims_instruments.database.crud:add:119 - add
2026-08-23 19:27:32.221 | DEBUG    | cli              | elims_instruments.cli.duts:_repository:49 - Opening DUT repository with C:\Users\fabie\Documents\projets\elims-instruments\.pytest-tmp\test_cli_crud_lifecycle1\bench.toml
2026-08-23 19:27:32.222 | DEBUG    | cli              | elims_instruments.database.crud:fetch:112 - fetch
2026-08-23 19:27:32.226 | DEBUG    | cli              | elims_instruments.cli.duts:_repository:49 - Opening DUT repository with C:\Users\fabie\Documents\projets\elims-instruments\.pytest-tmp\test_cli_crud_lifecycle1\bench.toml
2026-08-23 19:27:32.227 | DEBUG    | cli              | elims_instruments.database.crud:fetchall:106 - fetchall
2026-08-23 19:27:32.232 | DEBUG    | cli              | elims_instruments.cli.duts:_repository:49 - Opening DUT repository with C:\Users\fabie\Documents\projets\elims-instruments\.pytest-tmp\test_cli_crud_lifecycle1\bench.toml
2026-08-23 19:27:32.243 | DEBUG    | cli              | elims_instruments.cli.duts:_repository:49 - Opening DUT repository with C:\Users\fabie\Documents\projets\elims-instruments\.pytest-tmp\test_cli_crud_lifecycle1\bench.toml
2026-08-23 19:27:32.244 | DEBUG    | cli              | elims_instruments.database.crud:remove:136 - remove
2026-08-23 19:27:32.256 | DEBUG    | cli              | elims_instruments.cli.duts:_repository:49 - Opening DUT repository with C:\Users\fabie\Documents\projets\elims-instruments\.pytest-tmp\test_export_and_sync_yaml1\bench.toml
2026-08-23 19:27:32.340 | DEBUG    | cli              | elims_instruments.database.crud:add:119 - add
2026-08-23 19:27:32.351 | DEBUG    | cli              | elims_instruments.cli.duts:_repository:49 - Opening DUT repository with C:\Users\fabie\Documents\projets\elims-instruments\.pytest-tmp\test_export_and_sync_yaml1\bench.toml
2026-08-23 19:27:32.352 | DEBUG    | cli              | elims_instruments.database.crud:fetchall:106 - fetchall
2026-08-23 19:27:32.359 | DEBUG    | cli              | elims_instruments.cli.duts:_repository:49 - Opening DUT repository with C:\Users\fabie\Documents\projets\elims-instruments\.pytest-tmp\test_export_and_sync_yaml1\bench.toml
2026-08-23 19:27:32.388 | DEBUG    | cli              | elims_instruments.cli.instruments:_repository:49 - Opening instrument repository with C:\Users\fabie\Documents\projets\elims-instruments\.pytest-tmp\test_cli_crud_lifecycle2\bench.toml
2026-08-23 19:27:32.472 | DEBUG    | cli              | elims_instruments.database.crud:add:119 - add
2026-08-23 19:27:32.484 | DEBUG    | cli              | elims_instruments.cli.instruments:_repository:49 - Opening instrument repository with C:\Users\fabie\Documents\projets\elims-instruments\.pytest-tmp\test_cli_crud_lifecycle2\bench.toml
2026-08-23 19:27:32.485 | DEBUG    | cli              | elims_instruments.database.crud:fetch:112 - fetch
2026-08-23 19:27:32.490 | DEBUG    | cli              | elims_instruments.cli.instruments:_repository:49 - Opening instrument repository with C:\Users\fabie\Documents\projets\elims-instruments\.pytest-tmp\test_cli_crud_lifecycle2\bench.toml
2026-08-23 19:27:32.491 | DEBUG    | cli              | elims_instruments.database.crud:fetchall:106 - fetchall
2026-08-23 19:27:32.496 | DEBUG    | cli              | elims_instruments.cli.instruments:_repository:49 - Opening instrument repository with C:\Users\fabie\Documents\projets\elims-instruments\.pytest-tmp\test_cli_crud_lifecycle2\bench.toml
2026-08-23 19:27:32.507 | DEBUG    | cli              | elims_instruments.cli.instruments:_repository:49 - Opening instrument repository with C:\Users\fabie\Documents\projets\elims-instruments\.pytest-tmp\test_cli_crud_lifecycle2\bench.toml
2026-08-23 19:27:32.508 | DEBUG    | cli              | elims_instruments.database.crud:remove:136 - remove
2026-08-23 19:27:32.519 | DEBUG    | cli              | elims_instruments.cli.instruments:_repository:49 - Opening instrument repository with C:\Users\fabie\Documents\projets\elims-instruments\.pytest-tmp\test_cli_crud_lifecycle2\bench.toml
2026-08-23 19:27:32.520 | DEBUG    | cli              | elims_instruments.database.crud:fetch:112 - fetch
2026-08-23 19:27:32.540 | DEBUG    | cli              | elims_instruments.cli.instruments:_repository:49 - Opening instrument repository with C:\Users\fabie\Documents\projets\elims-instruments\.pytest-tmp\test_add_rejects_duplicate_ass0\bench.toml
2026-08-23 19:27:32.626 | DEBUG    | cli              | elims_instruments.database.crud:add:119 - add
2026-08-23 19:27:32.639 | DEBUG    | cli              | elims_instruments.cli.instruments:_repository:49 - Opening instrument repository with C:\Users\fabie\Documents\projets\elims-instruments\.pytest-tmp\test_add_rejects_duplicate_ass0\bench.toml
2026-08-23 19:27:32.640 | DEBUG    | cli              | elims_instruments.database.crud:add:119 - add
2026-08-23 19:27:32.648 | DEBUG    | cli              | elims_instruments.cli.instruments:_repository:49 - Opening instrument repository with C:\Users\fabie\Documents\projets\elims-instruments\.pytest-tmp\test_export_and_sync_yaml2\bench.toml
2026-08-23 19:27:32.732 | DEBUG    | cli              | elims_instruments.database.crud:add:119 - add
2026-08-23 19:27:32.755 | DEBUG    | cli              | elims_instruments.cli.instruments:_repository:49 - Opening instrument repository with C:\Users\fabie\Documents\projets\elims-instruments\.pytest-tmp\test_export_and_sync_yaml2\bench.toml
2026-08-23 19:27:32.756 | DEBUG    | cli              | elims_instruments.database.crud:fetchall:106 - fetchall
2026-08-23 19:27:32.764 | DEBUG    | cli              | elims_instruments.cli.instruments:_repository:49 - Opening instrument repository with C:\Users\fabie\Documents\projets\elims-instruments\.pytest-tmp\test_export_and_sync_yaml2\bench.toml
2026-08-23 19:27:32.777 | DEBUG    | cli              | elims_instruments.cli.instruments:_repository:49 - Opening instrument repository with C:\Users\fabie\Documents\projets\elims-instruments\.pytest-tmp\test_export_and_sync_yaml2\bench.toml
2026-08-23 19:27:32.778 | DEBUG    | cli              | elims_instruments.database.crud:fetchall:106 - fetchall
2026-08-23 19:27:34.164 | INFO     | elims_instruments.bench.bench | elims_instruments.bench.bench:__init__:142 - Loading bench from C:\Users\fabie\Documents\projets\elims-instruments\.pytest-tmp\test_bench_creates_named_drive0\bench.toml
2026-08-23 19:27:34.164 | DEBUG    | elims_instruments.bench.bench | elims_instruments.bench.bench:_read_configuration:71 - Reading bench configuration from C:\Users\fabie\Documents\projets\elims-instruments\.pytest-tmp\test_bench_creates_named_drive0\bench.toml
2026-08-23 19:27:34.165 | DEBUG    | elims_instruments.bench.bench | elims_instruments.bench.bench:_validate_assignments:86 - Validating bench instruments from C:\Users\fabie\Documents\projets\elims-instruments\.pytest-tmp\test_bench_creates_named_drive0\bench.toml
2026-08-23 19:27:34.165 | DEBUG    | elims_instruments.bench.bench | elims_instruments.bench.bench:_validate_assignments:116 - Validated bench instruments assignment primary_dmm -> DMM-001
2026-08-23 19:27:34.165 | DEBUG    | elims_instruments.bench.bench | elims_instruments.bench.bench:_validate_assignments:116 - Validated bench instruments assignment counter -> CNT-001
2026-08-23 19:27:34.165 | DEBUG    | elims_instruments.bench.bench | elims_instruments.bench.bench:_validate_assignments:122 - Validated 2 bench instruments
2026-08-23 19:27:34.165 | DEBUG    | elims_instruments.bench.bench | elims_instruments.bench.bench:_validate_assignments:86 - Validating bench boards from C:\Users\fabie\Documents\projets\elims-instruments\.pytest-tmp\test_bench_creates_named_drive0\bench.toml
2026-08-23 19:27:34.165 | DEBUG    | elims_instruments.bench.bench | elims_instruments.bench.bench:_validate_assignments:86 - Validating bench duts from C:\Users\fabie\Documents\projets\elims-instruments\.pytest-tmp\test_bench_creates_named_drive0\bench.toml
2026-08-23 19:27:34.165 | INFO     | elims_instruments.intruments.factory | elims_instruments.intruments.factory:create_instruments:105 - Creating 2 instrument drivers using bench configuration C:\Users\fabie\Documents\projets\elims-instruments\.pytest-tmp\test_bench_creates_named_drive0\bench.toml
2026-08-23 19:27:34.166 | DEBUG    | elims_instruments.intruments.factory | elims_instruments.intruments.factory:create_instruments:114 - Resolving bench instrument primary_dmm from asset DMM-001
2026-08-23 19:27:34.166 | DEBUG    | elims_instruments.intruments.factory | elims_instruments.database.crud:fetch:112 - fetch
2026-08-23 19:27:34.166 | DEBUG    | elims_instruments.intruments.factory | elims_instruments.intruments.factory:create:48 - Selecting driver for asset DMM-001 with type multimeter
2026-08-23 19:27:34.166 | DEBUG    | elims_instruments.intruments.multimeter.factory | elims_instruments.intruments.multimeter.factory:create:67 - Creating Keysight34401A driver for multimeter asset DMM-001
2026-08-23 19:27:34.166 | DEBUG    | elims_instruments.intruments.abstract | elims_instruments.intruments.abstract:__init__:21 - Initialized Keysight34401A driver for asset DMM-001
2026-08-23 19:27:34.166 | DEBUG    | elims_instruments.intruments.factory | elims_instruments.intruments.factory:create:61 - Created Keysight34401A driver for asset DMM-001
2026-08-23 19:27:34.167 | DEBUG    | elims_instruments.intruments.factory | elims_instruments.intruments.factory:create_instruments:114 - Resolving bench instrument counter from asset CNT-001
2026-08-23 19:27:34.167 | DEBUG    | elims_instruments.intruments.factory | elims_instruments.database.crud:fetch:112 - fetch
2026-08-23 19:27:34.167 | DEBUG    | elims_instruments.intruments.factory | elims_instruments.intruments.factory:create:48 - Selecting driver for asset CNT-001 with type counter
2026-08-23 19:27:34.167 | DEBUG    | elims_instruments.intruments.counter.factory | elims_instruments.intruments.counter.factory:create:67 - Creating Keysight53220A driver for counter asset CNT-001
2026-08-23 19:27:34.167 | DEBUG    | elims_instruments.intruments.abstract | elims_instruments.intruments.abstract:__init__:21 - Initialized Keysight53220A driver for asset CNT-001
2026-08-23 19:27:34.167 | DEBUG    | elims_instruments.intruments.factory | elims_instruments.intruments.factory:create:61 - Created Keysight53220A driver for asset CNT-001
2026-08-23 19:27:34.167 | INFO     | elims_instruments.intruments.factory | elims_instruments.intruments.factory:create_instruments:122 - Created 2 instrument drivers
2026-08-23 19:27:34.167 | INFO     | elims_instruments.boards.factory | elims_instruments.boards.factory:create_boards:87 - Creating 0 board drivers using bench configuration C:\Users\fabie\Documents\projets\elims-instruments\.pytest-tmp\test_bench_creates_named_drive0\bench.toml
2026-08-23 19:27:34.167 | INFO     | elims_instruments.boards.factory | elims_instruments.boards.factory:create_boards:93 - Created 0 board drivers
2026-08-23 19:27:34.167 | INFO     | elims_instruments.duts.factory | elims_instruments.duts.factory:create_duts:87 - Creating 0 DUTs using bench configuration C:\Users\fabie\Documents\projets\elims-instruments\.pytest-tmp\test_bench_creates_named_drive0\bench.toml
2026-08-23 19:27:34.167 | INFO     | elims_instruments.duts.factory | elims_instruments.duts.factory:create_duts:93 - Created 0 DUTs
2026-08-23 19:27:34.167 | INFO     | elims_instruments.bench.bench | elims_instruments.bench.bench:__init__:165 - Loaded bench with 2 instruments, 0 boards, and 0 DUTs
2026-08-23 19:27:34.281 | INFO     | elims_instruments.bench.bench | elims_instruments.bench.bench:__init__:142 - Loading bench from C:\Users\fabie\Documents\projets\elims-instruments\.pytest-tmp\test_bench_creates_named_board0\bench.toml
2026-08-23 19:27:34.281 | DEBUG    | elims_instruments.bench.bench | elims_instruments.bench.bench:_read_configuration:71 - Reading bench configuration from C:\Users\fabie\Documents\projets\elims-instruments\.pytest-tmp\test_bench_creates_named_board0\bench.toml
2026-08-23 19:27:34.281 | DEBUG    | elims_instruments.bench.bench | elims_instruments.bench.bench:_validate_assignments:86 - Validating bench instruments from C:\Users\fabie\Documents\projets\elims-instruments\.pytest-tmp\test_bench_creates_named_board0\bench.toml
2026-08-23 19:27:34.281 | DEBUG    | elims_instruments.bench.bench | elims_instruments.bench.bench:_validate_assignments:116 - Validated bench instruments assignment primary_dmm -> DMM-001
2026-08-23 19:27:34.281 | DEBUG    | elims_instruments.bench.bench | elims_instruments.bench.bench:_validate_assignments:122 - Validated 1 bench instruments
2026-08-23 19:27:34.281 | DEBUG    | elims_instruments.bench.bench | elims_instruments.bench.bench:_validate_assignments:86 - Validating bench boards from C:\Users\fabie\Documents\projets\elims-instruments\.pytest-tmp\test_bench_creates_named_board0\bench.toml
2026-08-23 19:27:34.281 | DEBUG    | elims_instruments.bench.bench | elims_instruments.bench.bench:_validate_assignments:116 - Validated bench boards assignment characterization_board -> BRD-001
2026-08-23 19:27:34.281 | DEBUG    | elims_instruments.bench.bench | elims_instruments.bench.bench:_validate_assignments:122 - Validated 1 bench boards
2026-08-23 19:27:34.281 | DEBUG    | elims_instruments.bench.bench | elims_instruments.bench.bench:_validate_assignments:86 - Validating bench duts from C:\Users\fabie\Documents\projets\elims-instruments\.pytest-tmp\test_bench_creates_named_board0\bench.toml
2026-08-23 19:27:34.281 | INFO     | elims_instruments.intruments.factory | elims_instruments.intruments.factory:create_instruments:105 - Creating 1 instrument drivers using bench configuration C:\Users\fabie\Documents\projets\elims-instruments\.pytest-tmp\test_bench_creates_named_board0\bench.toml
2026-08-23 19:27:34.282 | DEBUG    | elims_instruments.intruments.factory | elims_instruments.intruments.factory:create_instruments:114 - Resolving bench instrument primary_dmm from asset DMM-001
2026-08-23 19:27:34.282 | DEBUG    | elims_instruments.intruments.factory | elims_instruments.database.crud:fetch:112 - fetch
2026-08-23 19:27:34.283 | DEBUG    | elims_instruments.intruments.factory | elims_instruments.intruments.factory:create:48 - Selecting driver for asset DMM-001 with type multimeter
2026-08-23 19:27:34.283 | DEBUG    | elims_instruments.intruments.multimeter.factory | elims_instruments.intruments.multimeter.factory:create:67 - Creating Keysight34401A driver for multimeter asset DMM-001
2026-08-23 19:27:34.283 | DEBUG    | elims_instruments.intruments.abstract | elims_instruments.intruments.abstract:__init__:21 - Initialized Keysight34401A driver for asset DMM-001
2026-08-23 19:27:34.283 | DEBUG    | elims_instruments.intruments.factory | elims_instruments.intruments.factory:create:61 - Created Keysight34401A driver for asset DMM-001
2026-08-23 19:27:34.283 | INFO     | elims_instruments.intruments.factory | elims_instruments.intruments.factory:create_instruments:122 - Created 1 instrument drivers
2026-08-23 19:27:34.283 | INFO     | elims_instruments.boards.factory | elims_instruments.boards.factory:create_boards:87 - Creating 1 board drivers using bench configuration C:\Users\fabie\Documents\projets\elims-instruments\.pytest-tmp\test_bench_creates_named_board0\bench.toml
2026-08-23 19:27:34.284 | DEBUG    | elims_instruments.boards.factory | elims_instruments.boards.factory:create_boards:100 - Resolving board characterization_board from asset BRD-001
2026-08-23 19:27:34.284 | DEBUG    | elims_instruments.boards.factory | elims_instruments.database.crud:fetch:112 - fetch
2026-08-23 19:27:34.285 | DEBUG    | elims_instruments.boards.factory | elims_instruments.boards.factory:create:44 - Creating Board driver for board asset BRD-001
2026-08-23 19:27:34.285 | DEBUG    | elims_instruments.boards.abstract | elims_instruments.boards.abstract:__init__:20 - Initialized Board driver for board asset BRD-001
2026-08-23 19:27:34.285 | INFO     | elims_instruments.boards.factory | elims_instruments.boards.factory:create_boards:108 - Created 1 board drivers
2026-08-23 19:27:34.285 | INFO     | elims_instruments.duts.factory | elims_instruments.duts.factory:create_duts:87 - Creating 0 DUTs using bench configuration C:\Users\fabie\Documents\projets\elims-instruments\.pytest-tmp\test_bench_creates_named_board0\bench.toml
2026-08-23 19:27:34.285 | INFO     | elims_instruments.duts.factory | elims_instruments.duts.factory:create_duts:93 - Created 0 DUTs
2026-08-23 19:27:34.285 | INFO     | elims_instruments.bench.bench | elims_instruments.bench.bench:__init__:165 - Loaded bench with 1 instruments, 1 boards, and 0 DUTs
2026-08-23 19:27:34.399 | INFO     | elims_instruments.bench.bench | elims_instruments.bench.bench:__init__:142 - Loading bench from C:\Users\fabie\Documents\projets\elims-instruments\.pytest-tmp\test_bench_creates_named_dut0\bench.toml
2026-08-23 19:27:34.399 | DEBUG    | elims_instruments.bench.bench | elims_instruments.bench.bench:_read_configuration:71 - Reading bench configuration from C:\Users\fabie\Documents\projets\elims-instruments\.pytest-tmp\test_bench_creates_named_dut0\bench.toml
2026-08-23 19:27:34.399 | DEBUG    | elims_instruments.bench.bench | elims_instruments.bench.bench:_validate_assignments:86 - Validating bench instruments from C:\Users\fabie\Documents\projets\elims-instruments\.pytest-tmp\test_bench_creates_named_dut0\bench.toml
2026-08-23 19:27:34.399 | DEBUG    | elims_instruments.bench.bench | elims_instruments.bench.bench:_validate_assignments:116 - Validated bench instruments assignment primary_dmm -> DMM-001
2026-08-23 19:27:34.399 | DEBUG    | elims_instruments.bench.bench | elims_instruments.bench.bench:_validate_assignments:122 - Validated 1 bench instruments
2026-08-23 19:27:34.399 | DEBUG    | elims_instruments.bench.bench | elims_instruments.bench.bench:_validate_assignments:86 - Validating bench boards from C:\Users\fabie\Documents\projets\elims-instruments\.pytest-tmp\test_bench_creates_named_dut0\bench.toml
2026-08-23 19:27:34.399 | DEBUG    | elims_instruments.bench.bench | elims_instruments.bench.bench:_validate_assignments:116 - Validated bench boards assignment characterization_board -> BRD-001
2026-08-23 19:27:34.399 | DEBUG    | elims_instruments.bench.bench | elims_instruments.bench.bench:_validate_assignments:122 - Validated 1 bench boards
2026-08-23 19:27:34.399 | DEBUG    | elims_instruments.bench.bench | elims_instruments.bench.bench:_validate_assignments:86 - Validating bench duts from C:\Users\fabie\Documents\projets\elims-instruments\.pytest-tmp\test_bench_creates_named_dut0\bench.toml
2026-08-23 19:27:34.399 | DEBUG    | elims_instruments.bench.bench | elims_instruments.bench.bench:_validate_assignments:116 - Validated bench duts assignment characterized_ic -> DUT-001
2026-08-23 19:27:34.399 | DEBUG    | elims_instruments.bench.bench | elims_instruments.bench.bench:_validate_assignments:122 - Validated 1 bench duts
2026-08-23 19:27:34.399 | INFO     | elims_instruments.intruments.factory | elims_instruments.intruments.factory:create_instruments:105 - Creating 1 instrument drivers using bench configuration C:\Users\fabie\Documents\projets\elims-instruments\.pytest-tmp\test_bench_creates_named_dut0\bench.toml
2026-08-23 19:27:34.400 | DEBUG    | elims_instruments.intruments.factory | elims_instruments.intruments.factory:create_instruments:114 - Resolving bench instrument primary_dmm from asset DMM-001
2026-08-23 19:27:34.400 | DEBUG    | elims_instruments.intruments.factory | elims_instruments.database.crud:fetch:112 - fetch
2026-08-23 19:27:34.401 | DEBUG    | elims_instruments.intruments.factory | elims_instruments.intruments.factory:create:48 - Selecting driver for asset DMM-001 with type multimeter
2026-08-23 19:27:34.401 | DEBUG    | elims_instruments.intruments.multimeter.factory | elims_instruments.intruments.multimeter.factory:create:67 - Creating Keysight34401A driver for multimeter asset DMM-001
2026-08-23 19:27:34.401 | DEBUG    | elims_instruments.intruments.abstract | elims_instruments.intruments.abstract:__init__:21 - Initialized Keysight34401A driver for asset DMM-001
2026-08-23 19:27:34.401 | DEBUG    | elims_instruments.intruments.factory | elims_instruments.intruments.factory:create:61 - Created Keysight34401A driver for asset DMM-001
2026-08-23 19:27:34.401 | INFO     | elims_instruments.intruments.factory | elims_instruments.intruments.factory:create_instruments:122 - Created 1 instrument drivers
2026-08-23 19:27:34.401 | INFO     | elims_instruments.boards.factory | elims_instruments.boards.factory:create_boards:87 - Creating 1 board drivers using bench configuration C:\Users\fabie\Documents\projets\elims-instruments\.pytest-tmp\test_bench_creates_named_dut0\bench.toml
2026-08-23 19:27:34.402 | DEBUG    | elims_instruments.boards.factory | elims_instruments.boards.factory:create_boards:100 - Resolving board characterization_board from asset BRD-001
2026-08-23 19:27:34.402 | DEBUG    | elims_instruments.boards.factory | elims_instruments.database.crud:fetch:112 - fetch
2026-08-23 19:27:34.403 | DEBUG    | elims_instruments.boards.factory | elims_instruments.boards.factory:create:44 - Creating Board driver for board asset BRD-001
2026-08-23 19:27:34.403 | DEBUG    | elims_instruments.boards.abstract | elims_instruments.boards.abstract:__init__:20 - Initialized Board driver for board asset BRD-001
2026-08-23 19:27:34.403 | INFO     | elims_instruments.boards.factory | elims_instruments.boards.factory:create_boards:108 - Created 1 board drivers
2026-08-23 19:27:34.403 | INFO     | elims_instruments.duts.factory | elims_instruments.duts.factory:create_duts:87 - Creating 1 DUTs using bench configuration C:\Users\fabie\Documents\projets\elims-instruments\.pytest-tmp\test_bench_creates_named_dut0\bench.toml
2026-08-23 19:27:34.404 | DEBUG    | elims_instruments.duts.factory | elims_instruments.duts.factory:create_duts:100 - Resolving DUT characterized_ic from asset DUT-001
2026-08-23 19:27:34.404 | DEBUG    | elims_instruments.duts.factory | elims_instruments.database.crud:fetch:112 - fetch
2026-08-23 19:27:34.405 | DEBUG    | elims_instruments.duts.factory | elims_instruments.duts.factory:create:44 - Creating Dut for DUT asset DUT-001
2026-08-23 19:27:34.405 | DEBUG    | elims_instruments.duts.abstract | elims_instruments.duts.abstract:__init__:19 - Initialized Dut for DUT asset DUT-001
2026-08-23 19:27:34.405 | INFO     | elims_instruments.duts.factory | elims_instruments.duts.factory:create_duts:108 - Created 1 DUTs
2026-08-23 19:27:34.405 | INFO     | elims_instruments.bench.bench | elims_instruments.bench.bench:__init__:165 - Loaded bench with 1 instruments, 1 boards, and 1 DUTs
2026-08-23 19:27:34.520 | INFO     | elims_instruments.bench.bench | elims_instruments.bench.bench:__init__:142 - Loading bench from C:\Users\fabie\Documents\projets\elims-instruments\.pytest-tmp\test_bench_reads_configuration0\bench.toml
2026-08-23 19:27:34.520 | DEBUG    | elims_instruments.bench.bench | elims_instruments.bench.bench:_read_configuration:71 - Reading bench configuration from C:\Users\fabie\Documents\projets\elims-instruments\.pytest-tmp\test_bench_reads_configuration0\bench.toml
2026-08-23 19:27:34.520 | DEBUG    | elims_instruments.bench.bench | elims_instruments.bench.bench:_validate_assignments:86 - Validating bench instruments from C:\Users\fabie\Documents\projets\elims-instruments\.pytest-tmp\test_bench_reads_configuration0\bench.toml
2026-08-23 19:27:34.520 | DEBUG    | elims_instruments.bench.bench | elims_instruments.bench.bench:_validate_assignments:116 - Validated bench instruments assignment primary_dmm -> DMM-001
2026-08-23 19:27:34.520 | DEBUG    | elims_instruments.bench.bench | elims_instruments.bench.bench:_validate_assignments:122 - Validated 1 bench instruments
2026-08-23 19:27:34.520 | DEBUG    | elims_instruments.bench.bench | elims_instruments.bench.bench:_validate_assignments:86 - Validating bench boards from C:\Users\fabie\Documents\projets\elims-instruments\.pytest-tmp\test_bench_reads_configuration0\bench.toml
2026-08-23 19:27:34.520 | DEBUG    | elims_instruments.bench.bench | elims_instruments.bench.bench:_validate_assignments:116 - Validated bench boards assignment characterization_board -> BRD-001
2026-08-23 19:27:34.520 | DEBUG    | elims_instruments.bench.bench | elims_instruments.bench.bench:_validate_assignments:122 - Validated 1 bench boards
2026-08-23 19:27:34.520 | DEBUG    | elims_instruments.bench.bench | elims_instruments.bench.bench:_validate_assignments:86 - Validating bench duts from C:\Users\fabie\Documents\projets\elims-instruments\.pytest-tmp\test_bench_reads_configuration0\bench.toml
2026-08-23 19:27:34.520 | DEBUG    | elims_instruments.bench.bench | elims_instruments.bench.bench:_validate_assignments:116 - Validated bench duts assignment characterized_ic -> DUT-001
2026-08-23 19:27:34.520 | DEBUG    | elims_instruments.bench.bench | elims_instruments.bench.bench:_validate_assignments:122 - Validated 1 bench duts
2026-08-23 19:27:34.520 | INFO     | elims_instruments.intruments.factory | elims_instruments.intruments.factory:create_instruments:105 - Creating 1 instrument drivers using bench configuration C:\Users\fabie\Documents\projets\elims-instruments\.pytest-tmp\test_bench_reads_configuration0\bench.toml
2026-08-23 19:27:34.521 | DEBUG    | elims_instruments.intruments.factory | elims_instruments.intruments.factory:create_instruments:114 - Resolving bench instrument primary_dmm from asset DMM-001
2026-08-23 19:27:34.521 | DEBUG    | elims_instruments.intruments.factory | elims_instruments.database.crud:fetch:112 - fetch
2026-08-23 19:27:34.522 | DEBUG    | elims_instruments.intruments.factory | elims_instruments.intruments.factory:create:48 - Selecting driver for asset DMM-001 with type multimeter
2026-08-23 19:27:34.522 | DEBUG    | elims_instruments.intruments.multimeter.factory | elims_instruments.intruments.multimeter.factory:create:67 - Creating Keysight34401A driver for multimeter asset DMM-001
2026-08-23 19:27:34.522 | DEBUG    | elims_instruments.intruments.abstract | elims_instruments.intruments.abstract:__init__:21 - Initialized Keysight34401A driver for asset DMM-001
2026-08-23 19:27:34.522 | DEBUG    | elims_instruments.intruments.factory | elims_instruments.intruments.factory:create:61 - Created Keysight34401A driver for asset DMM-001
2026-08-23 19:27:34.522 | INFO     | elims_instruments.intruments.factory | elims_instruments.intruments.factory:create_instruments:122 - Created 1 instrument drivers
2026-08-23 19:27:34.522 | INFO     | elims_instruments.boards.factory | elims_instruments.boards.factory:create_boards:87 - Creating 1 board drivers using bench configuration C:\Users\fabie\Documents\projets\elims-instruments\.pytest-tmp\test_bench_reads_configuration0\bench.toml
2026-08-23 19:27:34.523 | DEBUG    | elims_instruments.boards.factory | elims_instruments.boards.factory:create_boards:100 - Resolving board characterization_board from asset BRD-001
2026-08-23 19:27:34.523 | DEBUG    | elims_instruments.boards.factory | elims_instruments.database.crud:fetch:112 - fetch
2026-08-23 19:27:34.523 | DEBUG    | elims_instruments.boards.factory | elims_instruments.boards.factory:create:44 - Creating Board driver for board asset BRD-001
2026-08-23 19:27:34.523 | DEBUG    | elims_instruments.boards.abstract | elims_instruments.boards.abstract:__init__:20 - Initialized Board driver for board asset BRD-001
2026-08-23 19:27:34.523 | INFO     | elims_instruments.boards.factory | elims_instruments.boards.factory:create_boards:108 - Created 1 board drivers
2026-08-23 19:27:34.523 | INFO     | elims_instruments.duts.factory | elims_instruments.duts.factory:create_duts:87 - Creating 1 DUTs using bench configuration C:\Users\fabie\Documents\projets\elims-instruments\.pytest-tmp\test_bench_reads_configuration0\bench.toml
2026-08-23 19:27:34.524 | DEBUG    | elims_instruments.duts.factory | elims_instruments.duts.factory:create_duts:100 - Resolving DUT characterized_ic from asset DUT-001
2026-08-23 19:27:34.524 | DEBUG    | elims_instruments.duts.factory | elims_instruments.database.crud:fetch:112 - fetch
2026-08-23 19:27:34.525 | DEBUG    | elims_instruments.duts.factory | elims_instruments.duts.factory:create:44 - Creating Dut for DUT asset DUT-001
2026-08-23 19:27:34.525 | DEBUG    | elims_instruments.duts.abstract | elims_instruments.duts.abstract:__init__:19 - Initialized Dut for DUT asset DUT-001
2026-08-23 19:27:34.525 | INFO     | elims_instruments.duts.factory | elims_instruments.duts.factory:create_duts:108 - Created 1 DUTs
2026-08-23 19:27:34.525 | INFO     | elims_instruments.bench.bench | elims_instruments.bench.bench:__init__:165 - Loaded bench with 1 instruments, 1 boards, and 1 DUTs
2026-08-23 19:27:34.641 | INFO     | elims_instruments.bench.bench | elims_instruments.bench.bench:__init__:142 - Loading bench from C:\Users\fabie\Documents\projets\elims-instruments\.pytest-tmp\test_bench_without_board_table0\bench.toml
2026-08-23 19:27:34.641 | DEBUG    | elims_instruments.bench.bench | elims_instruments.bench.bench:_read_configuration:71 - Reading bench configuration from C:\Users\fabie\Documents\projets\elims-instruments\.pytest-tmp\test_bench_without_board_table0\bench.toml
2026-08-23 19:27:34.641 | DEBUG    | elims_instruments.bench.bench | elims_instruments.bench.bench:_validate_assignments:86 - Validating bench instruments from C:\Users\fabie\Documents\projets\elims-instruments\.pytest-tmp\test_bench_without_board_table0\bench.toml
2026-08-23 19:27:34.641 | DEBUG    | elims_instruments.bench.bench | elims_instruments.bench.bench:_validate_assignments:116 - Validated bench instruments assignment primary_dmm -> DMM-001
2026-08-23 19:27:34.641 | DEBUG    | elims_instruments.bench.bench | elims_instruments.bench.bench:_validate_assignments:122 - Validated 1 bench instruments
2026-08-23 19:27:34.641 | DEBUG    | elims_instruments.bench.bench | elims_instruments.bench.bench:_validate_assignments:86 - Validating bench boards from C:\Users\fabie\Documents\projets\elims-instruments\.pytest-tmp\test_bench_without_board_table0\bench.toml
2026-08-23 19:27:34.641 | DEBUG    | elims_instruments.bench.bench | elims_instruments.bench.bench:_validate_assignments:86 - Validating bench duts from C:\Users\fabie\Documents\projets\elims-instruments\.pytest-tmp\test_bench_without_board_table0\bench.toml
2026-08-23 19:27:34.641 | INFO     | elims_instruments.intruments.factory | elims_instruments.intruments.factory:create_instruments:105 - Creating 1 instrument drivers using bench configuration C:\Users\fabie\Documents\projets\elims-instruments\.pytest-tmp\test_bench_without_board_table0\bench.toml
2026-08-23 19:27:34.642 | DEBUG    | elims_instruments.intruments.factory | elims_instruments.intruments.factory:create_instruments:114 - Resolving bench instrument primary_dmm from asset DMM-001
2026-08-23 19:27:34.642 | DEBUG    | elims_instruments.intruments.factory | elims_instruments.database.crud:fetch:112 - fetch
2026-08-23 19:27:34.643 | DEBUG    | elims_instruments.intruments.factory | elims_instruments.intruments.factory:create:48 - Selecting driver for asset DMM-001 with type multimeter
2026-08-23 19:27:34.643 | DEBUG    | elims_instruments.intruments.multimeter.factory | elims_instruments.intruments.multimeter.factory:create:67 - Creating Keysight34401A driver for multimeter asset DMM-001
2026-08-23 19:27:34.643 | DEBUG    | elims_instruments.intruments.abstract | elims_instruments.intruments.abstract:__init__:21 - Initialized Keysight34401A driver for asset DMM-001
2026-08-23 19:27:34.643 | DEBUG    | elims_instruments.intruments.factory | elims_instruments.intruments.factory:create:61 - Created Keysight34401A driver for asset DMM-001
2026-08-23 19:27:34.643 | INFO     | elims_instruments.intruments.factory | elims_instruments.intruments.factory:create_instruments:122 - Created 1 instrument drivers
2026-08-23 19:27:34.643 | INFO     | elims_instruments.boards.factory | elims_instruments.boards.factory:create_boards:87 - Creating 0 board drivers using bench configuration C:\Users\fabie\Documents\projets\elims-instruments\.pytest-tmp\test_bench_without_board_table0\bench.toml
2026-08-23 19:27:34.643 | INFO     | elims_instruments.boards.factory | elims_instruments.boards.factory:create_boards:93 - Created 0 board drivers
2026-08-23 19:27:34.643 | INFO     | elims_instruments.duts.factory | elims_instruments.duts.factory:create_duts:87 - Creating 0 DUTs using bench configuration C:\Users\fabie\Documents\projets\elims-instruments\.pytest-tmp\test_bench_without_board_table0\bench.toml
2026-08-23 19:27:34.643 | INFO     | elims_instruments.duts.factory | elims_instruments.duts.factory:create_duts:93 - Created 0 DUTs
2026-08-23 19:27:34.643 | INFO     | elims_instruments.bench.bench | elims_instruments.bench.bench:__init__:165 - Loaded bench with 1 instruments, 0 boards, and 0 DUTs
2026-08-23 19:27:34.761 | INFO     | elims_instruments.bench.bench | elims_instruments.bench.bench:__init__:142 - Loading bench from C:\Users\fabie\Documents\projets\elims-instruments\.pytest-tmp\test_bench_rejects_missing_ass0\bench.toml
2026-08-23 19:27:34.761 | DEBUG    | elims_instruments.bench.bench | elims_instruments.bench.bench:_read_configuration:71 - Reading bench configuration from C:\Users\fabie\Documents\projets\elims-instruments\.pytest-tmp\test_bench_rejects_missing_ass0\bench.toml
2026-08-23 19:27:34.761 | DEBUG    | elims_instruments.bench.bench | elims_instruments.bench.bench:_validate_assignments:86 - Validating bench instruments from C:\Users\fabie\Documents\projets\elims-instruments\.pytest-tmp\test_bench_rejects_missing_ass0\bench.toml
2026-08-23 19:27:34.761 | DEBUG    | elims_instruments.bench.bench | elims_instruments.bench.bench:_validate_assignments:116 - Validated bench instruments assignment missing -> DMM-999
2026-08-23 19:27:34.761 | DEBUG    | elims_instruments.bench.bench | elims_instruments.bench.bench:_validate_assignments:122 - Validated 1 bench instruments
2026-08-23 19:27:34.761 | DEBUG    | elims_instruments.bench.bench | elims_instruments.bench.bench:_validate_assignments:86 - Validating bench boards from C:\Users\fabie\Documents\projets\elims-instruments\.pytest-tmp\test_bench_rejects_missing_ass0\bench.toml
2026-08-23 19:27:34.761 | DEBUG    | elims_instruments.bench.bench | elims_instruments.bench.bench:_validate_assignments:86 - Validating bench duts from C:\Users\fabie\Documents\projets\elims-instruments\.pytest-tmp\test_bench_rejects_missing_ass0\bench.toml
2026-08-23 19:27:34.761 | INFO     | elims_instruments.intruments.factory | elims_instruments.intruments.factory:create_instruments:105 - Creating 1 instrument drivers using bench configuration C:\Users\fabie\Documents\projets\elims-instruments\.pytest-tmp\test_bench_rejects_missing_ass0\bench.toml
2026-08-23 19:27:34.762 | DEBUG    | elims_instruments.intruments.factory | elims_instruments.intruments.factory:create_instruments:114 - Resolving bench instrument missing from asset DMM-999
2026-08-23 19:27:34.762 | DEBUG    | elims_instruments.intruments.factory | elims_instruments.database.crud:fetch:112 - fetch
2026-08-23 19:27:34.877 | INFO     | elims_instruments.bench.bench | elims_instruments.bench.bench:__init__:142 - Loading bench from C:\Users\fabie\Documents\projets\elims-instruments\.pytest-tmp\test_bench_rejects_duplicate_a0\bench.toml
2026-08-23 19:27:34.877 | DEBUG    | elims_instruments.bench.bench | elims_instruments.bench.bench:_read_configuration:71 - Reading bench configuration from C:\Users\fabie\Documents\projets\elims-instruments\.pytest-tmp\test_bench_rejects_duplicate_a0\bench.toml
2026-08-23 19:27:34.877 | DEBUG    | elims_instruments.bench.bench | elims_instruments.bench.bench:_validate_assignments:86 - Validating bench instruments from C:\Users\fabie\Documents\projets\elims-instruments\.pytest-tmp\test_bench_rejects_duplicate_a0\bench.toml
2026-08-23 19:27:34.877 | DEBUG    | elims_instruments.bench.bench | elims_instruments.bench.bench:_validate_assignments:116 - Validated bench instruments assignment first -> DMM-001
2026-08-23 19:27:34.993 | INFO     | elims_instruments.bench.bench | elims_instruments.bench.bench:__init__:142 - Loading bench from C:\Users\fabie\Documents\projets\elims-instruments\.pytest-tmp\test_bench_rejects_unauthorize0\bench.toml
2026-08-23 19:27:34.993 | DEBUG    | elims_instruments.bench.bench | elims_instruments.bench.bench:_read_configuration:71 - Reading bench configuration from C:\Users\fabie\Documents\projets\elims-instruments\.pytest-tmp\test_bench_rejects_unauthorize0\bench.toml
2026-08-23 19:27:34.993 | DEBUG    | elims_instruments.bench.bench | elims_instruments.bench.bench:_validate_assignments:86 - Validating bench instruments from C:\Users\fabie\Documents\projets\elims-instruments\.pytest-tmp\test_bench_rejects_unauthorize0\bench.toml
2026-08-23 19:27:34.994 | DEBUG    | elims_instruments.intruments.factory | elims_instruments.intruments.factory:create:48 - Selecting driver for asset SCOPE-001 with type oscilloscope
2026-08-23 19:27:35.092 | INFO     | elims_instruments.boards.factory | elims_instruments.boards.factory:create_boards:87 - Creating 1 board drivers using bench configuration C:\Users\fabie\Documents\projets\elims-instruments\.pytest-tmp\test_create_boards_uses_base_d0\bench.toml
2026-08-23 19:27:35.094 | DEBUG    | elims_instruments.boards.factory | elims_instruments.boards.factory:create_boards:100 - Resolving board characterization_board from asset BRD-001
2026-08-23 19:27:35.094 | DEBUG    | elims_instruments.boards.factory | elims_instruments.database.crud:fetch:112 - fetch
2026-08-23 19:27:35.095 | DEBUG    | elims_instruments.boards.factory | elims_instruments.boards.factory:create:44 - Creating Board driver for board asset BRD-001
2026-08-23 19:27:35.095 | DEBUG    | elims_instruments.boards.abstract | elims_instruments.boards.abstract:__init__:20 - Initialized Board driver for board asset BRD-001
2026-08-23 19:27:35.095 | INFO     | elims_instruments.boards.factory | elims_instruments.boards.factory:create_boards:108 - Created 1 board drivers
2026-08-23 19:27:35.096 | DEBUG    | elims_instruments.boards.factory | elims_instruments.boards.factory:register:34 - Registered board builder FixtureBoard for type  Registered-Fixture 
2026-08-23 19:27:35.096 | DEBUG    | elims_instruments.boards.factory | elims_instruments.boards.factory:create:44 - Creating FixtureBoard driver for board asset BRD-002
2026-08-23 19:27:35.096 | DEBUG    | elims_instruments.boards.abstract | elims_instruments.boards.abstract:__init__:20 - Initialized FixtureBoard driver for board asset BRD-002
2026-08-23 19:27:35.196 | INFO     | elims_instruments.boards.factory | elims_instruments.boards.factory:create_boards:87 - Creating 1 board drivers using bench configuration C:\Users\fabie\Documents\projets\elims-instruments\.pytest-tmp\test_create_boards_rejects_mis0\bench.toml
2026-08-23 19:27:35.197 | DEBUG    | elims_instruments.boards.factory | elims_instruments.boards.factory:create_boards:100 - Resolving board missing from asset BRD-999
2026-08-23 19:27:35.197 | DEBUG    | elims_instruments.boards.factory | elims_instruments.database.crud:fetch:112 - fetch
2026-08-23 19:27:35.297 | INFO     | elims_instruments.duts.factory | elims_instruments.duts.factory:create_duts:87 - Creating 1 DUTs using bench configuration C:\Users\fabie\Documents\projets\elims-instruments\.pytest-tmp\test_create_duts_uses_base_obj0\bench.toml
2026-08-23 19:27:35.299 | DEBUG    | elims_instruments.duts.factory | elims_instruments.duts.factory:create_duts:100 - Resolving DUT characterized_ic from asset DUT-001
2026-08-23 19:27:35.299 | DEBUG    | elims_instruments.duts.factory | elims_instruments.database.crud:fetch:112 - fetch
2026-08-23 19:27:35.300 | DEBUG    | elims_instruments.duts.factory | elims_instruments.duts.factory:create:44 - Creating Dut for DUT asset DUT-001
2026-08-23 19:27:35.300 | DEBUG    | elims_instruments.duts.abstract | elims_instruments.duts.abstract:__init__:19 - Initialized Dut for DUT asset DUT-001
2026-08-23 19:27:35.300 | INFO     | elims_instruments.duts.factory | elims_instruments.duts.factory:create_duts:108 - Created 1 DUTs
2026-08-23 19:27:35.301 | DEBUG    | elims_instruments.duts.factory | elims_instruments.duts.factory:register:34 - Registered DUT builder CharacterizationDut for project  Registered-Project 
2026-08-23 19:27:35.301 | DEBUG    | elims_instruments.duts.factory | elims_instruments.duts.factory:create:44 - Creating CharacterizationDut for DUT asset DUT-002
2026-08-23 19:27:35.301 | DEBUG    | elims_instruments.duts.abstract | elims_instruments.duts.abstract:__init__:19 - Initialized CharacterizationDut for DUT asset DUT-002
2026-08-23 19:27:35.401 | INFO     | elims_instruments.duts.factory | elims_instruments.duts.factory:create_duts:87 - Creating 1 DUTs using bench configuration C:\Users\fabie\Documents\projets\elims-instruments\.pytest-tmp\test_create_duts_rejects_missi0\bench.toml
2026-08-23 19:27:35.402 | DEBUG    | elims_instruments.duts.factory | elims_instruments.duts.factory:create_duts:100 - Resolving DUT missing from asset DUT-999
2026-08-23 19:27:35.402 | DEBUG    | elims_instruments.duts.factory | elims_instruments.database.crud:fetch:112 - fetch
