2026-08-22 20:46:34.648 | DEBUG    | cli              | elims_instruments.cli.boards:_repository:49 - Opening board repository with C:\Users\fabie\AppData\Local\Temp\elims-instruments-pytest-cli-logger-final\test_cli_crud_lifecycle0\database.toml
2026-08-22 20:46:34.698 | DEBUG    | cli              | elims_instruments.database.crud:add:119 - add
2026-08-22 20:46:34.711 | DEBUG    | cli              | elims_instruments.cli.boards:_repository:49 - Opening board repository with C:\Users\fabie\AppData\Local\Temp\elims-instruments-pytest-cli-logger-final\test_cli_crud_lifecycle0\database.toml
2026-08-22 20:46:34.712 | DEBUG    | cli              | elims_instruments.database.crud:fetch:112 - fetch
2026-08-22 20:46:34.718 | DEBUG    | cli              | elims_instruments.cli.boards:_repository:49 - Opening board repository with C:\Users\fabie\AppData\Local\Temp\elims-instruments-pytest-cli-logger-final\test_cli_crud_lifecycle0\database.toml
2026-08-22 20:46:34.719 | DEBUG    | cli              | elims_instruments.database.crud:fetchall:106 - fetchall
2026-08-22 20:46:34.724 | DEBUG    | cli              | elims_instruments.cli.boards:_repository:49 - Opening board repository with C:\Users\fabie\AppData\Local\Temp\elims-instruments-pytest-cli-logger-final\test_cli_crud_lifecycle0\database.toml
2026-08-22 20:46:34.737 | DEBUG    | cli              | elims_instruments.cli.boards:_repository:49 - Opening board repository with C:\Users\fabie\AppData\Local\Temp\elims-instruments-pytest-cli-logger-final\test_cli_crud_lifecycle0\database.toml
2026-08-22 20:46:34.737 | DEBUG    | cli              | elims_instruments.database.crud:remove:136 - remove
2026-08-22 20:46:34.803 | DEBUG    | cli              | elims_instruments.cli.boards:_repository:49 - Opening board repository with C:\Users\fabie\AppData\Local\Temp\elims-instruments-pytest-cli-logger-final\test_export_and_sync_yaml0\database.toml
2026-08-22 20:46:34.845 | DEBUG    | cli              | elims_instruments.database.crud:add:119 - add
2026-08-22 20:46:34.857 | DEBUG    | cli              | elims_instruments.cli.boards:_repository:49 - Opening board repository with C:\Users\fabie\AppData\Local\Temp\elims-instruments-pytest-cli-logger-final\test_export_and_sync_yaml0\database.toml
2026-08-22 20:46:34.858 | DEBUG    | cli              | elims_instruments.database.crud:fetchall:106 - fetchall
2026-08-22 20:46:34.866 | DEBUG    | cli              | elims_instruments.cli.boards:_repository:49 - Opening board repository with C:\Users\fabie\AppData\Local\Temp\elims-instruments-pytest-cli-logger-final\test_export_and_sync_yaml0\database.toml
2026-08-22 20:46:34.886 | DEBUG    | cli              | elims_instruments.cli.instruments:_repository:49 - Opening instrument repository with C:\Users\fabie\AppData\Local\Temp\elims-instruments-pytest-cli-logger-final\test_cli_crud_lifecycle1\database.toml
2026-08-22 20:46:34.928 | DEBUG    | cli              | elims_instruments.database.crud:add:119 - add
2026-08-22 20:46:34.940 | DEBUG    | cli              | elims_instruments.cli.instruments:_repository:49 - Opening instrument repository with C:\Users\fabie\AppData\Local\Temp\elims-instruments-pytest-cli-logger-final\test_cli_crud_lifecycle1\database.toml
2026-08-22 20:46:34.941 | DEBUG    | cli              | elims_instruments.database.crud:fetch:112 - fetch
2026-08-22 20:46:34.945 | DEBUG    | cli              | elims_instruments.cli.instruments:_repository:49 - Opening instrument repository with C:\Users\fabie\AppData\Local\Temp\elims-instruments-pytest-cli-logger-final\test_cli_crud_lifecycle1\database.toml
2026-08-22 20:46:34.946 | DEBUG    | cli              | elims_instruments.database.crud:fetchall:106 - fetchall
2026-08-22 20:46:34.950 | DEBUG    | cli              | elims_instruments.cli.instruments:_repository:49 - Opening instrument repository with C:\Users\fabie\AppData\Local\Temp\elims-instruments-pytest-cli-logger-final\test_cli_crud_lifecycle1\database.toml
2026-08-22 20:46:34.961 | DEBUG    | cli              | elims_instruments.cli.instruments:_repository:49 - Opening instrument repository with C:\Users\fabie\AppData\Local\Temp\elims-instruments-pytest-cli-logger-final\test_cli_crud_lifecycle1\database.toml
2026-08-22 20:46:34.962 | DEBUG    | cli              | elims_instruments.database.crud:remove:136 - remove
2026-08-22 20:46:34.972 | DEBUG    | cli              | elims_instruments.cli.instruments:_repository:49 - Opening instrument repository with C:\Users\fabie\AppData\Local\Temp\elims-instruments-pytest-cli-logger-final\test_cli_crud_lifecycle1\database.toml
2026-08-22 20:46:34.972 | DEBUG    | cli              | elims_instruments.database.crud:fetch:112 - fetch
2026-08-22 20:46:34.990 | DEBUG    | cli              | elims_instruments.cli.instruments:_repository:49 - Opening instrument repository with C:\Users\fabie\AppData\Local\Temp\elims-instruments-pytest-cli-logger-final\test_add_rejects_duplicate_ass0\database.toml
2026-08-22 20:46:35.032 | DEBUG    | cli              | elims_instruments.database.crud:add:119 - add
2026-08-22 20:46:35.042 | DEBUG    | cli              | elims_instruments.cli.instruments:_repository:49 - Opening instrument repository with C:\Users\fabie\AppData\Local\Temp\elims-instruments-pytest-cli-logger-final\test_add_rejects_duplicate_ass0\database.toml
2026-08-22 20:46:35.043 | DEBUG    | cli              | elims_instruments.database.crud:add:119 - add
2026-08-22 20:46:35.050 | DEBUG    | cli              | elims_instruments.cli.instruments:_repository:49 - Opening instrument repository with C:\Users\fabie\AppData\Local\Temp\elims-instruments-pytest-cli-logger-final\test_export_and_sync_yaml1\database.toml
2026-08-22 20:46:35.091 | DEBUG    | cli              | elims_instruments.database.crud:add:119 - add
2026-08-22 20:46:35.101 | DEBUG    | cli              | elims_instruments.cli.instruments:_repository:49 - Opening instrument repository with C:\Users\fabie\AppData\Local\Temp\elims-instruments-pytest-cli-logger-final\test_export_and_sync_yaml1\database.toml
2026-08-22 20:46:35.102 | DEBUG    | cli              | elims_instruments.database.crud:fetchall:106 - fetchall
2026-08-22 20:46:35.109 | DEBUG    | cli              | elims_instruments.cli.instruments:_repository:49 - Opening instrument repository with C:\Users\fabie\AppData\Local\Temp\elims-instruments-pytest-cli-logger-final\test_export_and_sync_yaml1\database.toml
2026-08-22 20:46:35.121 | DEBUG    | cli              | elims_instruments.cli.instruments:_repository:49 - Opening instrument repository with C:\Users\fabie\AppData\Local\Temp\elims-instruments-pytest-cli-logger-final\test_export_and_sync_yaml1\database.toml
2026-08-22 20:46:35.121 | DEBUG    | cli              | elims_instruments.database.crud:fetchall:106 - fetchall
2026-08-22 20:46:35.680 | INFO     | elims_instruments.bench.bench | elims_instruments.bench.bench:__init__:95 - Loading bench from C:\Users\fabie\AppData\Local\Temp\elims-instruments-pytest-cli-logger-final\test_bench_creates_named_drive0\bench.toml
2026-08-22 20:46:35.680 | DEBUG    | elims_instruments.bench.bench | elims_instruments.bench.bench:_read_assignments:39 - Reading bench instruments from C:\Users\fabie\AppData\Local\Temp\elims-instruments-pytest-cli-logger-final\test_bench_creates_named_drive0\bench.toml
2026-08-22 20:46:35.680 | DEBUG    | elims_instruments.bench.bench | elims_instruments.bench.bench:_read_assignments:78 - Validated bench instruments assignment primary_dmm -> DMM-001
2026-08-22 20:46:35.680 | DEBUG    | elims_instruments.bench.bench | elims_instruments.bench.bench:_read_assignments:78 - Validated bench instruments assignment counter -> CNT-001
2026-08-22 20:46:35.680 | DEBUG    | elims_instruments.bench.bench | elims_instruments.bench.bench:_read_assignments:79 - Validated 2 bench instruments
2026-08-22 20:46:35.680 | DEBUG    | elims_instruments.bench.bench | elims_instruments.bench.bench:_read_assignments:39 - Reading bench boards from C:\Users\fabie\AppData\Local\Temp\elims-instruments-pytest-cli-logger-final\test_bench_creates_named_drive0\bench.toml
2026-08-22 20:46:35.680 | INFO     | elims_instruments.intruments.factory | elims_instruments.intruments.factory:create_instruments:105 - Creating 2 instrument drivers using database configuration C:\Users\fabie\AppData\Local\Temp\elims-instruments-pytest-cli-logger-final\test_bench_creates_named_drive0\database.toml
2026-08-22 20:46:35.681 | DEBUG    | elims_instruments.intruments.factory | elims_instruments.intruments.factory:create_instruments:113 - Resolving bench instrument primary_dmm from asset DMM-001
2026-08-22 20:46:35.681 | DEBUG    | elims_instruments.intruments.factory | elims_instruments.database.crud:fetch:112 - fetch
2026-08-22 20:46:35.682 | DEBUG    | elims_instruments.intruments.factory | elims_instruments.intruments.factory:create:48 - Selecting driver for asset DMM-001 with type multimeter
2026-08-22 20:46:35.682 | DEBUG    | elims_instruments.intruments.multimeter.factory | elims_instruments.intruments.multimeter.factory:create:67 - Creating Keysight34401A driver for multimeter asset DMM-001
2026-08-22 20:46:35.682 | DEBUG    | elims_instruments.intruments.abstract | elims_instruments.intruments.abstract:__init__:21 - Initialized Keysight34401A driver for asset DMM-001
2026-08-22 20:46:35.682 | DEBUG    | elims_instruments.intruments.factory | elims_instruments.intruments.factory:create:61 - Created Keysight34401A driver for asset DMM-001
2026-08-22 20:46:35.682 | DEBUG    | elims_instruments.intruments.factory | elims_instruments.intruments.factory:create_instruments:113 - Resolving bench instrument counter from asset CNT-001
2026-08-22 20:46:35.682 | DEBUG    | elims_instruments.intruments.factory | elims_instruments.database.crud:fetch:112 - fetch
2026-08-22 20:46:35.682 | DEBUG    | elims_instruments.intruments.factory | elims_instruments.intruments.factory:create:48 - Selecting driver for asset CNT-001 with type counter
2026-08-22 20:46:35.682 | DEBUG    | elims_instruments.intruments.counter.factory | elims_instruments.intruments.counter.factory:create:67 - Creating Keysight53220A driver for counter asset CNT-001
2026-08-22 20:46:35.682 | DEBUG    | elims_instruments.intruments.abstract | elims_instruments.intruments.abstract:__init__:21 - Initialized Keysight53220A driver for asset CNT-001
2026-08-22 20:46:35.682 | DEBUG    | elims_instruments.intruments.factory | elims_instruments.intruments.factory:create:61 - Created Keysight53220A driver for asset CNT-001
2026-08-22 20:46:35.682 | INFO     | elims_instruments.intruments.factory | elims_instruments.intruments.factory:create_instruments:119 - Created 2 instrument drivers
2026-08-22 20:46:35.682 | INFO     | elims_instruments.boards.factory | elims_instruments.boards.factory:create_boards:86 - Creating 0 board drivers using database configuration C:\Users\fabie\AppData\Local\Temp\elims-instruments-pytest-cli-logger-final\test_bench_creates_named_drive0\database.toml
2026-08-22 20:46:35.683 | INFO     | elims_instruments.boards.factory | elims_instruments.boards.factory:create_boards:100 - Created 0 board drivers
2026-08-22 20:46:35.683 | INFO     | elims_instruments.bench.bench | elims_instruments.bench.bench:__init__:107 - Loaded bench with 2 instruments and 0 boards
2026-08-22 20:46:35.741 | INFO     | elims_instruments.bench.bench | elims_instruments.bench.bench:__init__:95 - Loading bench from C:\Users\fabie\AppData\Local\Temp\elims-instruments-pytest-cli-logger-final\test_bench_creates_named_board0\bench.toml
2026-08-22 20:46:35.741 | DEBUG    | elims_instruments.bench.bench | elims_instruments.bench.bench:_read_assignments:39 - Reading bench instruments from C:\Users\fabie\AppData\Local\Temp\elims-instruments-pytest-cli-logger-final\test_bench_creates_named_board0\bench.toml
2026-08-22 20:46:35.741 | DEBUG    | elims_instruments.bench.bench | elims_instruments.bench.bench:_read_assignments:78 - Validated bench instruments assignment primary_dmm -> DMM-001
2026-08-22 20:46:35.741 | DEBUG    | elims_instruments.bench.bench | elims_instruments.bench.bench:_read_assignments:79 - Validated 1 bench instruments
2026-08-22 20:46:35.741 | DEBUG    | elims_instruments.bench.bench | elims_instruments.bench.bench:_read_assignments:39 - Reading bench boards from C:\Users\fabie\AppData\Local\Temp\elims-instruments-pytest-cli-logger-final\test_bench_creates_named_board0\bench.toml
2026-08-22 20:46:35.742 | DEBUG    | elims_instruments.bench.bench | elims_instruments.bench.bench:_read_assignments:78 - Validated bench boards assignment characterization_board -> BRD-001
2026-08-22 20:46:35.742 | DEBUG    | elims_instruments.bench.bench | elims_instruments.bench.bench:_read_assignments:79 - Validated 1 bench boards
2026-08-22 20:46:35.742 | INFO     | elims_instruments.intruments.factory | elims_instruments.intruments.factory:create_instruments:105 - Creating 1 instrument drivers using database configuration C:\Users\fabie\AppData\Local\Temp\elims-instruments-pytest-cli-logger-final\test_bench_creates_named_board0\database.toml
2026-08-22 20:46:35.742 | DEBUG    | elims_instruments.intruments.factory | elims_instruments.intruments.factory:create_instruments:113 - Resolving bench instrument primary_dmm from asset DMM-001
2026-08-22 20:46:35.742 | DEBUG    | elims_instruments.intruments.factory | elims_instruments.database.crud:fetch:112 - fetch
2026-08-22 20:46:35.743 | DEBUG    | elims_instruments.intruments.factory | elims_instruments.intruments.factory:create:48 - Selecting driver for asset DMM-001 with type multimeter
2026-08-22 20:46:35.743 | DEBUG    | elims_instruments.intruments.multimeter.factory | elims_instruments.intruments.multimeter.factory:create:67 - Creating Keysight34401A driver for multimeter asset DMM-001
2026-08-22 20:46:35.743 | DEBUG    | elims_instruments.intruments.abstract | elims_instruments.intruments.abstract:__init__:21 - Initialized Keysight34401A driver for asset DMM-001
2026-08-22 20:46:35.743 | DEBUG    | elims_instruments.intruments.factory | elims_instruments.intruments.factory:create:61 - Created Keysight34401A driver for asset DMM-001
2026-08-22 20:46:35.743 | INFO     | elims_instruments.intruments.factory | elims_instruments.intruments.factory:create_instruments:119 - Created 1 instrument drivers
2026-08-22 20:46:35.743 | INFO     | elims_instruments.boards.factory | elims_instruments.boards.factory:create_boards:86 - Creating 1 board drivers using database configuration C:\Users\fabie\AppData\Local\Temp\elims-instruments-pytest-cli-logger-final\test_bench_creates_named_board0\database.toml
2026-08-22 20:46:35.744 | DEBUG    | elims_instruments.boards.factory | elims_instruments.boards.factory:create_boards:94 - Resolving board characterization_board from asset BRD-001
2026-08-22 20:46:35.744 | DEBUG    | elims_instruments.boards.factory | elims_instruments.database.crud:fetch:112 - fetch
2026-08-22 20:46:35.744 | DEBUG    | elims_instruments.boards.factory | elims_instruments.boards.factory:create:43 - Creating Board driver for board asset BRD-001
2026-08-22 20:46:35.744 | DEBUG    | elims_instruments.boards.abstract | elims_instruments.boards.abstract:__init__:20 - Initialized Board driver for board asset BRD-001
2026-08-22 20:46:35.744 | INFO     | elims_instruments.boards.factory | elims_instruments.boards.factory:create_boards:100 - Created 1 board drivers
2026-08-22 20:46:35.744 | INFO     | elims_instruments.bench.bench | elims_instruments.bench.bench:__init__:107 - Loaded bench with 1 instruments and 1 boards
2026-08-22 20:46:35.801 | INFO     | elims_instruments.bench.bench | elims_instruments.bench.bench:__init__:95 - Loading bench from C:\Users\fabie\AppData\Local\Temp\elims-instruments-pytest-cli-logger-final\test_bench_without_board_table0\bench.toml
2026-08-22 20:46:35.802 | DEBUG    | elims_instruments.bench.bench | elims_instruments.bench.bench:_read_assignments:39 - Reading bench instruments from C:\Users\fabie\AppData\Local\Temp\elims-instruments-pytest-cli-logger-final\test_bench_without_board_table0\bench.toml
2026-08-22 20:46:35.802 | DEBUG    | elims_instruments.bench.bench | elims_instruments.bench.bench:_read_assignments:78 - Validated bench instruments assignment primary_dmm -> DMM-001
2026-08-22 20:46:35.802 | DEBUG    | elims_instruments.bench.bench | elims_instruments.bench.bench:_read_assignments:79 - Validated 1 bench instruments
2026-08-22 20:46:35.802 | DEBUG    | elims_instruments.bench.bench | elims_instruments.bench.bench:_read_assignments:39 - Reading bench boards from C:\Users\fabie\AppData\Local\Temp\elims-instruments-pytest-cli-logger-final\test_bench_without_board_table0\bench.toml
2026-08-22 20:46:35.802 | INFO     | elims_instruments.intruments.factory | elims_instruments.intruments.factory:create_instruments:105 - Creating 1 instrument drivers using database configuration C:\Users\fabie\AppData\Local\Temp\elims-instruments-pytest-cli-logger-final\test_bench_without_board_table0\database.toml
2026-08-22 20:46:35.803 | DEBUG    | elims_instruments.intruments.factory | elims_instruments.intruments.factory:create_instruments:113 - Resolving bench instrument primary_dmm from asset DMM-001
2026-08-22 20:46:35.803 | DEBUG    | elims_instruments.intruments.factory | elims_instruments.database.crud:fetch:112 - fetch
2026-08-22 20:46:35.803 | DEBUG    | elims_instruments.intruments.factory | elims_instruments.intruments.factory:create:48 - Selecting driver for asset DMM-001 with type multimeter
2026-08-22 20:46:35.804 | DEBUG    | elims_instruments.intruments.multimeter.factory | elims_instruments.intruments.multimeter.factory:create:67 - Creating Keysight34401A driver for multimeter asset DMM-001
2026-08-22 20:46:35.804 | DEBUG    | elims_instruments.intruments.abstract | elims_instruments.intruments.abstract:__init__:21 - Initialized Keysight34401A driver for asset DMM-001
2026-08-22 20:46:35.804 | DEBUG    | elims_instruments.intruments.factory | elims_instruments.intruments.factory:create:61 - Created Keysight34401A driver for asset DMM-001
2026-08-22 20:46:35.804 | INFO     | elims_instruments.intruments.factory | elims_instruments.intruments.factory:create_instruments:119 - Created 1 instrument drivers
2026-08-22 20:46:35.804 | INFO     | elims_instruments.boards.factory | elims_instruments.boards.factory:create_boards:86 - Creating 0 board drivers using database configuration C:\Users\fabie\AppData\Local\Temp\elims-instruments-pytest-cli-logger-final\test_bench_without_board_table0\database.toml
2026-08-22 20:46:35.804 | INFO     | elims_instruments.boards.factory | elims_instruments.boards.factory:create_boards:100 - Created 0 board drivers
2026-08-22 20:46:35.804 | INFO     | elims_instruments.bench.bench | elims_instruments.bench.bench:__init__:107 - Loaded bench with 1 instruments and 0 boards
2026-08-22 20:46:35.863 | INFO     | elims_instruments.bench.bench | elims_instruments.bench.bench:__init__:95 - Loading bench from C:\Users\fabie\AppData\Local\Temp\elims-instruments-pytest-cli-logger-final\test_bench_rejects_missing_ass0\bench.toml
2026-08-22 20:46:35.863 | DEBUG    | elims_instruments.bench.bench | elims_instruments.bench.bench:_read_assignments:39 - Reading bench instruments from C:\Users\fabie\AppData\Local\Temp\elims-instruments-pytest-cli-logger-final\test_bench_rejects_missing_ass0\bench.toml
2026-08-22 20:46:35.863 | DEBUG    | elims_instruments.bench.bench | elims_instruments.bench.bench:_read_assignments:78 - Validated bench instruments assignment missing -> DMM-999
2026-08-22 20:46:35.863 | DEBUG    | elims_instruments.bench.bench | elims_instruments.bench.bench:_read_assignments:79 - Validated 1 bench instruments
2026-08-22 20:46:35.863 | DEBUG    | elims_instruments.bench.bench | elims_instruments.bench.bench:_read_assignments:39 - Reading bench boards from C:\Users\fabie\AppData\Local\Temp\elims-instruments-pytest-cli-logger-final\test_bench_rejects_missing_ass0\bench.toml
2026-08-22 20:46:35.863 | INFO     | elims_instruments.intruments.factory | elims_instruments.intruments.factory:create_instruments:105 - Creating 1 instrument drivers using database configuration C:\Users\fabie\AppData\Local\Temp\elims-instruments-pytest-cli-logger-final\test_bench_rejects_missing_ass0\database.toml
2026-08-22 20:46:35.864 | DEBUG    | elims_instruments.intruments.factory | elims_instruments.intruments.factory:create_instruments:113 - Resolving bench instrument missing from asset DMM-999
2026-08-22 20:46:35.864 | DEBUG    | elims_instruments.intruments.factory | elims_instruments.database.crud:fetch:112 - fetch
2026-08-22 20:46:35.922 | INFO     | elims_instruments.bench.bench | elims_instruments.bench.bench:__init__:95 - Loading bench from C:\Users\fabie\AppData\Local\Temp\elims-instruments-pytest-cli-logger-final\test_bench_rejects_duplicate_a0\bench.toml
2026-08-22 20:46:35.922 | DEBUG    | elims_instruments.bench.bench | elims_instruments.bench.bench:_read_assignments:39 - Reading bench instruments from C:\Users\fabie\AppData\Local\Temp\elims-instruments-pytest-cli-logger-final\test_bench_rejects_duplicate_a0\bench.toml
2026-08-22 20:46:35.922 | DEBUG    | elims_instruments.bench.bench | elims_instruments.bench.bench:_read_assignments:78 - Validated bench instruments assignment first -> DMM-001
2026-08-22 20:46:35.979 | INFO     | elims_instruments.bench.bench | elims_instruments.bench.bench:__init__:95 - Loading bench from C:\Users\fabie\AppData\Local\Temp\elims-instruments-pytest-cli-logger-final\test_bench_rejects_unauthorize0\bench.toml
2026-08-22 20:46:35.979 | DEBUG    | elims_instruments.bench.bench | elims_instruments.bench.bench:_read_assignments:39 - Reading bench instruments from C:\Users\fabie\AppData\Local\Temp\elims-instruments-pytest-cli-logger-final\test_bench_rejects_unauthorize0\bench.toml
2026-08-22 20:46:35.980 | DEBUG    | elims_instruments.intruments.factory | elims_instruments.intruments.factory:create:48 - Selecting driver for asset SCOPE-001 with type oscilloscope
2026-08-22 20:46:36.031 | INFO     | elims_instruments.boards.factory | elims_instruments.boards.factory:create_boards:86 - Creating 1 board drivers using database configuration C:\Users\fabie\AppData\Local\Temp\elims-instruments-pytest-cli-logger-final\test_create_boards_uses_base_d0\database.toml
2026-08-22 20:46:36.032 | DEBUG    | elims_instruments.boards.factory | elims_instruments.boards.factory:create_boards:94 - Resolving board characterization_board from asset BRD-001
2026-08-22 20:46:36.032 | DEBUG    | elims_instruments.boards.factory | elims_instruments.database.crud:fetch:112 - fetch
2026-08-22 20:46:36.032 | DEBUG    | elims_instruments.boards.factory | elims_instruments.boards.factory:create:43 - Creating Board driver for board asset BRD-001
2026-08-22 20:46:36.032 | DEBUG    | elims_instruments.boards.abstract | elims_instruments.boards.abstract:__init__:20 - Initialized Board driver for board asset BRD-001
2026-08-22 20:46:36.032 | INFO     | elims_instruments.boards.factory | elims_instruments.boards.factory:create_boards:100 - Created 1 board drivers
2026-08-22 20:46:36.033 | DEBUG    | elims_instruments.boards.factory | elims_instruments.boards.factory:register:33 - Registered board builder FixtureBoard for type registered-fixture
2026-08-22 20:46:36.033 | DEBUG    | elims_instruments.boards.factory | elims_instruments.boards.factory:create:43 - Creating FixtureBoard driver for board asset BRD-002
2026-08-22 20:46:36.033 | DEBUG    | elims_instruments.boards.abstract | elims_instruments.boards.abstract:__init__:20 - Initialized FixtureBoard driver for board asset BRD-002
2026-08-22 20:46:36.083 | INFO     | elims_instruments.boards.factory | elims_instruments.boards.factory:create_boards:86 - Creating 1 board drivers using database configuration C:\Users\fabie\AppData\Local\Temp\elims-instruments-pytest-cli-logger-final\test_create_boards_rejects_mis0\database.toml
2026-08-22 20:46:36.084 | DEBUG    | elims_instruments.boards.factory | elims_instruments.boards.factory:create_boards:94 - Resolving board missing from asset BRD-999
2026-08-22 20:46:36.084 | DEBUG    | elims_instruments.boards.factory | elims_instruments.database.crud:fetch:112 - fetch
