2026-08-22 21:40:32.139 | DEBUG    | cli              | elims_instruments.cli.boards:_repository:49 - Opening board repository with C:\Users\fabie\AppData\Local\Temp\elims-instruments-pytest-duts-all\test_cli_crud_lifecycle0\bench.toml
2026-08-22 21:40:32.218 | DEBUG    | cli              | elims_instruments.database.crud:add:119 - add
2026-08-22 21:40:32.232 | DEBUG    | cli              | elims_instruments.cli.boards:_repository:49 - Opening board repository with C:\Users\fabie\AppData\Local\Temp\elims-instruments-pytest-duts-all\test_cli_crud_lifecycle0\bench.toml
2026-08-22 21:40:32.233 | DEBUG    | cli              | elims_instruments.database.crud:fetch:112 - fetch
2026-08-22 21:40:32.239 | DEBUG    | cli              | elims_instruments.cli.boards:_repository:49 - Opening board repository with C:\Users\fabie\AppData\Local\Temp\elims-instruments-pytest-duts-all\test_cli_crud_lifecycle0\bench.toml
2026-08-22 21:40:32.239 | DEBUG    | cli              | elims_instruments.database.crud:fetchall:106 - fetchall
2026-08-22 21:40:32.245 | DEBUG    | cli              | elims_instruments.cli.boards:_repository:49 - Opening board repository with C:\Users\fabie\AppData\Local\Temp\elims-instruments-pytest-duts-all\test_cli_crud_lifecycle0\bench.toml
2026-08-22 21:40:32.257 | DEBUG    | cli              | elims_instruments.cli.boards:_repository:49 - Opening board repository with C:\Users\fabie\AppData\Local\Temp\elims-instruments-pytest-duts-all\test_cli_crud_lifecycle0\bench.toml
2026-08-22 21:40:32.258 | DEBUG    | cli              | elims_instruments.database.crud:remove:136 - remove
2026-08-22 21:40:32.325 | DEBUG    | cli              | elims_instruments.cli.boards:_repository:49 - Opening board repository with C:\Users\fabie\AppData\Local\Temp\elims-instruments-pytest-duts-all\test_export_and_sync_yaml0\bench.toml
2026-08-22 21:40:32.398 | DEBUG    | cli              | elims_instruments.database.crud:add:119 - add
2026-08-22 21:40:32.410 | DEBUG    | cli              | elims_instruments.cli.boards:_repository:49 - Opening board repository with C:\Users\fabie\AppData\Local\Temp\elims-instruments-pytest-duts-all\test_export_and_sync_yaml0\bench.toml
2026-08-22 21:40:32.411 | DEBUG    | cli              | elims_instruments.database.crud:fetchall:106 - fetchall
2026-08-22 21:40:32.419 | DEBUG    | cli              | elims_instruments.cli.boards:_repository:49 - Opening board repository with C:\Users\fabie\AppData\Local\Temp\elims-instruments-pytest-duts-all\test_export_and_sync_yaml0\bench.toml
2026-08-22 21:40:32.439 | DEBUG    | cli              | elims_instruments.cli.instruments:_repository:49 - Opening instrument repository with C:\Users\fabie\AppData\Local\Temp\elims-instruments-pytest-duts-all\test_cli_crud_lifecycle1\bench.toml
2026-08-22 21:40:32.510 | DEBUG    | cli              | elims_instruments.database.crud:add:119 - add
2026-08-22 21:40:32.521 | DEBUG    | cli              | elims_instruments.cli.instruments:_repository:49 - Opening instrument repository with C:\Users\fabie\AppData\Local\Temp\elims-instruments-pytest-duts-all\test_cli_crud_lifecycle1\bench.toml
2026-08-22 21:40:32.522 | DEBUG    | cli              | elims_instruments.database.crud:fetch:112 - fetch
2026-08-22 21:40:32.527 | DEBUG    | cli              | elims_instruments.cli.instruments:_repository:49 - Opening instrument repository with C:\Users\fabie\AppData\Local\Temp\elims-instruments-pytest-duts-all\test_cli_crud_lifecycle1\bench.toml
2026-08-22 21:40:32.527 | DEBUG    | cli              | elims_instruments.database.crud:fetchall:106 - fetchall
2026-08-22 21:40:32.532 | DEBUG    | cli              | elims_instruments.cli.instruments:_repository:49 - Opening instrument repository with C:\Users\fabie\AppData\Local\Temp\elims-instruments-pytest-duts-all\test_cli_crud_lifecycle1\bench.toml
2026-08-22 21:40:32.543 | DEBUG    | cli              | elims_instruments.cli.instruments:_repository:49 - Opening instrument repository with C:\Users\fabie\AppData\Local\Temp\elims-instruments-pytest-duts-all\test_cli_crud_lifecycle1\bench.toml
2026-08-22 21:40:32.544 | DEBUG    | cli              | elims_instruments.database.crud:remove:136 - remove
2026-08-22 21:40:32.554 | DEBUG    | cli              | elims_instruments.cli.instruments:_repository:49 - Opening instrument repository with C:\Users\fabie\AppData\Local\Temp\elims-instruments-pytest-duts-all\test_cli_crud_lifecycle1\bench.toml
2026-08-22 21:40:32.555 | DEBUG    | cli              | elims_instruments.database.crud:fetch:112 - fetch
2026-08-22 21:40:32.574 | DEBUG    | cli              | elims_instruments.cli.instruments:_repository:49 - Opening instrument repository with C:\Users\fabie\AppData\Local\Temp\elims-instruments-pytest-duts-all\test_add_rejects_duplicate_ass0\bench.toml
2026-08-22 21:40:32.645 | DEBUG    | cli              | elims_instruments.database.crud:add:119 - add
2026-08-22 21:40:32.656 | DEBUG    | cli              | elims_instruments.cli.instruments:_repository:49 - Opening instrument repository with C:\Users\fabie\AppData\Local\Temp\elims-instruments-pytest-duts-all\test_add_rejects_duplicate_ass0\bench.toml
2026-08-22 21:40:32.657 | DEBUG    | cli              | elims_instruments.database.crud:add:119 - add
2026-08-22 21:40:32.664 | DEBUG    | cli              | elims_instruments.cli.instruments:_repository:49 - Opening instrument repository with C:\Users\fabie\AppData\Local\Temp\elims-instruments-pytest-duts-all\test_export_and_sync_yaml1\bench.toml
2026-08-22 21:40:32.736 | DEBUG    | cli              | elims_instruments.database.crud:add:119 - add
2026-08-22 21:40:32.746 | DEBUG    | cli              | elims_instruments.cli.instruments:_repository:49 - Opening instrument repository with C:\Users\fabie\AppData\Local\Temp\elims-instruments-pytest-duts-all\test_export_and_sync_yaml1\bench.toml
2026-08-22 21:40:32.747 | DEBUG    | cli              | elims_instruments.database.crud:fetchall:106 - fetchall
2026-08-22 21:40:32.755 | DEBUG    | cli              | elims_instruments.cli.instruments:_repository:49 - Opening instrument repository with C:\Users\fabie\AppData\Local\Temp\elims-instruments-pytest-duts-all\test_export_and_sync_yaml1\bench.toml
2026-08-22 21:40:32.767 | DEBUG    | cli              | elims_instruments.cli.instruments:_repository:49 - Opening instrument repository with C:\Users\fabie\AppData\Local\Temp\elims-instruments-pytest-duts-all\test_export_and_sync_yaml1\bench.toml
2026-08-22 21:40:32.767 | DEBUG    | cli              | elims_instruments.database.crud:fetchall:106 - fetchall
2026-08-22 21:40:33.703 | INFO     | elims_instruments.bench.bench | elims_instruments.bench.bench:__init__:103 - Loading bench from C:\Users\fabie\AppData\Local\Temp\elims-instruments-pytest-duts-all\test_bench_creates_named_drive0\bench.toml
2026-08-22 21:40:33.703 | DEBUG    | elims_instruments.bench.bench | elims_instruments.bench.bench:_read_assignments:40 - Reading bench instruments from C:\Users\fabie\AppData\Local\Temp\elims-instruments-pytest-duts-all\test_bench_creates_named_drive0\bench.toml
2026-08-22 21:40:33.703 | DEBUG    | elims_instruments.bench.bench | elims_instruments.bench.bench:_read_assignments:86 - Validated bench instruments assignment primary_dmm -> DMM-001
2026-08-22 21:40:33.703 | DEBUG    | elims_instruments.bench.bench | elims_instruments.bench.bench:_read_assignments:86 - Validated bench instruments assignment counter -> CNT-001
2026-08-22 21:40:33.703 | DEBUG    | elims_instruments.bench.bench | elims_instruments.bench.bench:_read_assignments:87 - Validated 2 bench instruments
2026-08-22 21:40:33.703 | DEBUG    | elims_instruments.bench.bench | elims_instruments.bench.bench:_read_assignments:40 - Reading bench boards from C:\Users\fabie\AppData\Local\Temp\elims-instruments-pytest-duts-all\test_bench_creates_named_drive0\bench.toml
2026-08-22 21:40:33.703 | DEBUG    | elims_instruments.bench.bench | elims_instruments.bench.bench:_read_assignments:40 - Reading bench duts from C:\Users\fabie\AppData\Local\Temp\elims-instruments-pytest-duts-all\test_bench_creates_named_drive0\bench.toml
2026-08-22 21:40:33.703 | INFO     | elims_instruments.intruments.factory | elims_instruments.intruments.factory:create_instruments:105 - Creating 2 instrument drivers using bench configuration C:\Users\fabie\AppData\Local\Temp\elims-instruments-pytest-duts-all\test_bench_creates_named_drive0\bench.toml
2026-08-22 21:40:33.704 | DEBUG    | elims_instruments.intruments.factory | elims_instruments.intruments.factory:create_instruments:114 - Resolving bench instrument primary_dmm from asset DMM-001
2026-08-22 21:40:33.704 | DEBUG    | elims_instruments.intruments.factory | elims_instruments.database.crud:fetch:112 - fetch
2026-08-22 21:40:33.705 | DEBUG    | elims_instruments.intruments.factory | elims_instruments.intruments.factory:create:48 - Selecting driver for asset DMM-001 with type multimeter
2026-08-22 21:40:33.705 | DEBUG    | elims_instruments.intruments.multimeter.factory | elims_instruments.intruments.multimeter.factory:create:67 - Creating Keysight34401A driver for multimeter asset DMM-001
2026-08-22 21:40:33.705 | DEBUG    | elims_instruments.intruments.abstract | elims_instruments.intruments.abstract:__init__:21 - Initialized Keysight34401A driver for asset DMM-001
2026-08-22 21:40:33.705 | DEBUG    | elims_instruments.intruments.factory | elims_instruments.intruments.factory:create:61 - Created Keysight34401A driver for asset DMM-001
2026-08-22 21:40:33.705 | DEBUG    | elims_instruments.intruments.factory | elims_instruments.intruments.factory:create_instruments:114 - Resolving bench instrument counter from asset CNT-001
2026-08-22 21:40:33.705 | DEBUG    | elims_instruments.intruments.factory | elims_instruments.database.crud:fetch:112 - fetch
2026-08-22 21:40:33.705 | DEBUG    | elims_instruments.intruments.factory | elims_instruments.intruments.factory:create:48 - Selecting driver for asset CNT-001 with type counter
2026-08-22 21:40:33.705 | DEBUG    | elims_instruments.intruments.counter.factory | elims_instruments.intruments.counter.factory:create:67 - Creating Keysight53220A driver for counter asset CNT-001
2026-08-22 21:40:33.705 | DEBUG    | elims_instruments.intruments.abstract | elims_instruments.intruments.abstract:__init__:21 - Initialized Keysight53220A driver for asset CNT-001
2026-08-22 21:40:33.705 | DEBUG    | elims_instruments.intruments.factory | elims_instruments.intruments.factory:create:61 - Created Keysight53220A driver for asset CNT-001
2026-08-22 21:40:33.705 | INFO     | elims_instruments.intruments.factory | elims_instruments.intruments.factory:create_instruments:122 - Created 2 instrument drivers
2026-08-22 21:40:33.705 | INFO     | elims_instruments.boards.factory | elims_instruments.boards.factory:create_boards:86 - Creating 0 board drivers using bench configuration C:\Users\fabie\AppData\Local\Temp\elims-instruments-pytest-duts-all\test_bench_creates_named_drive0\bench.toml
2026-08-22 21:40:33.706 | INFO     | elims_instruments.boards.factory | elims_instruments.boards.factory:create_boards:103 - Created 0 board drivers
2026-08-22 21:40:33.706 | INFO     | elims_instruments.duts.factory | elims_instruments.duts.factory:create_duts:86 - Creating 0 DUTs using bench configuration C:\Users\fabie\AppData\Local\Temp\elims-instruments-pytest-duts-all\test_bench_creates_named_drive0\bench.toml
2026-08-22 21:40:33.707 | INFO     | elims_instruments.duts.factory | elims_instruments.duts.factory:create_duts:103 - Created 0 DUTs
2026-08-22 21:40:33.707 | INFO     | elims_instruments.bench.bench | elims_instruments.bench.bench:__init__:121 - Loaded bench with 2 instruments, 0 boards, and 0 DUTs
2026-08-22 21:40:33.800 | INFO     | elims_instruments.bench.bench | elims_instruments.bench.bench:__init__:103 - Loading bench from C:\Users\fabie\AppData\Local\Temp\elims-instruments-pytest-duts-all\test_bench_creates_named_board0\bench.toml
2026-08-22 21:40:33.800 | DEBUG    | elims_instruments.bench.bench | elims_instruments.bench.bench:_read_assignments:40 - Reading bench instruments from C:\Users\fabie\AppData\Local\Temp\elims-instruments-pytest-duts-all\test_bench_creates_named_board0\bench.toml
2026-08-22 21:40:33.800 | DEBUG    | elims_instruments.bench.bench | elims_instruments.bench.bench:_read_assignments:86 - Validated bench instruments assignment primary_dmm -> DMM-001
2026-08-22 21:40:33.800 | DEBUG    | elims_instruments.bench.bench | elims_instruments.bench.bench:_read_assignments:87 - Validated 1 bench instruments
2026-08-22 21:40:33.800 | DEBUG    | elims_instruments.bench.bench | elims_instruments.bench.bench:_read_assignments:40 - Reading bench boards from C:\Users\fabie\AppData\Local\Temp\elims-instruments-pytest-duts-all\test_bench_creates_named_board0\bench.toml
2026-08-22 21:40:33.800 | DEBUG    | elims_instruments.bench.bench | elims_instruments.bench.bench:_read_assignments:86 - Validated bench boards assignment characterization_board -> BRD-001
2026-08-22 21:40:33.800 | DEBUG    | elims_instruments.bench.bench | elims_instruments.bench.bench:_read_assignments:87 - Validated 1 bench boards
2026-08-22 21:40:33.800 | DEBUG    | elims_instruments.bench.bench | elims_instruments.bench.bench:_read_assignments:40 - Reading bench duts from C:\Users\fabie\AppData\Local\Temp\elims-instruments-pytest-duts-all\test_bench_creates_named_board0\bench.toml
2026-08-22 21:40:33.800 | INFO     | elims_instruments.intruments.factory | elims_instruments.intruments.factory:create_instruments:105 - Creating 1 instrument drivers using bench configuration C:\Users\fabie\AppData\Local\Temp\elims-instruments-pytest-duts-all\test_bench_creates_named_board0\bench.toml
2026-08-22 21:40:33.801 | DEBUG    | elims_instruments.intruments.factory | elims_instruments.intruments.factory:create_instruments:114 - Resolving bench instrument primary_dmm from asset DMM-001
2026-08-22 21:40:33.801 | DEBUG    | elims_instruments.intruments.factory | elims_instruments.database.crud:fetch:112 - fetch
2026-08-22 21:40:33.802 | DEBUG    | elims_instruments.intruments.factory | elims_instruments.intruments.factory:create:48 - Selecting driver for asset DMM-001 with type multimeter
2026-08-22 21:40:33.802 | DEBUG    | elims_instruments.intruments.multimeter.factory | elims_instruments.intruments.multimeter.factory:create:67 - Creating Keysight34401A driver for multimeter asset DMM-001
2026-08-22 21:40:33.802 | DEBUG    | elims_instruments.intruments.abstract | elims_instruments.intruments.abstract:__init__:21 - Initialized Keysight34401A driver for asset DMM-001
2026-08-22 21:40:33.802 | DEBUG    | elims_instruments.intruments.factory | elims_instruments.intruments.factory:create:61 - Created Keysight34401A driver for asset DMM-001
2026-08-22 21:40:33.802 | INFO     | elims_instruments.intruments.factory | elims_instruments.intruments.factory:create_instruments:122 - Created 1 instrument drivers
2026-08-22 21:40:33.802 | INFO     | elims_instruments.boards.factory | elims_instruments.boards.factory:create_boards:86 - Creating 1 board drivers using bench configuration C:\Users\fabie\AppData\Local\Temp\elims-instruments-pytest-duts-all\test_bench_creates_named_board0\bench.toml
2026-08-22 21:40:33.803 | DEBUG    | elims_instruments.boards.factory | elims_instruments.boards.factory:create_boards:95 - Resolving board characterization_board from asset BRD-001
2026-08-22 21:40:33.803 | DEBUG    | elims_instruments.boards.factory | elims_instruments.database.crud:fetch:112 - fetch
2026-08-22 21:40:33.803 | DEBUG    | elims_instruments.boards.factory | elims_instruments.boards.factory:create:43 - Creating Board driver for board asset BRD-001
2026-08-22 21:40:33.803 | DEBUG    | elims_instruments.boards.abstract | elims_instruments.boards.abstract:__init__:20 - Initialized Board driver for board asset BRD-001
2026-08-22 21:40:33.803 | INFO     | elims_instruments.boards.factory | elims_instruments.boards.factory:create_boards:103 - Created 1 board drivers
2026-08-22 21:40:33.803 | INFO     | elims_instruments.duts.factory | elims_instruments.duts.factory:create_duts:86 - Creating 0 DUTs using bench configuration C:\Users\fabie\AppData\Local\Temp\elims-instruments-pytest-duts-all\test_bench_creates_named_board0\bench.toml
2026-08-22 21:40:33.804 | INFO     | elims_instruments.duts.factory | elims_instruments.duts.factory:create_duts:103 - Created 0 DUTs
2026-08-22 21:40:33.804 | INFO     | elims_instruments.bench.bench | elims_instruments.bench.bench:__init__:121 - Loaded bench with 1 instruments, 1 boards, and 0 DUTs
2026-08-22 21:40:33.899 | INFO     | elims_instruments.bench.bench | elims_instruments.bench.bench:__init__:103 - Loading bench from C:\Users\fabie\AppData\Local\Temp\elims-instruments-pytest-duts-all\test_bench_creates_named_dut0\bench.toml
2026-08-22 21:40:33.899 | DEBUG    | elims_instruments.bench.bench | elims_instruments.bench.bench:_read_assignments:40 - Reading bench instruments from C:\Users\fabie\AppData\Local\Temp\elims-instruments-pytest-duts-all\test_bench_creates_named_dut0\bench.toml
2026-08-22 21:40:33.899 | DEBUG    | elims_instruments.bench.bench | elims_instruments.bench.bench:_read_assignments:86 - Validated bench instruments assignment primary_dmm -> DMM-001
2026-08-22 21:40:33.899 | DEBUG    | elims_instruments.bench.bench | elims_instruments.bench.bench:_read_assignments:87 - Validated 1 bench instruments
2026-08-22 21:40:33.899 | DEBUG    | elims_instruments.bench.bench | elims_instruments.bench.bench:_read_assignments:40 - Reading bench boards from C:\Users\fabie\AppData\Local\Temp\elims-instruments-pytest-duts-all\test_bench_creates_named_dut0\bench.toml
2026-08-22 21:40:33.899 | DEBUG    | elims_instruments.bench.bench | elims_instruments.bench.bench:_read_assignments:86 - Validated bench boards assignment characterization_board -> BRD-001
2026-08-22 21:40:33.899 | DEBUG    | elims_instruments.bench.bench | elims_instruments.bench.bench:_read_assignments:87 - Validated 1 bench boards
2026-08-22 21:40:33.899 | DEBUG    | elims_instruments.bench.bench | elims_instruments.bench.bench:_read_assignments:40 - Reading bench duts from C:\Users\fabie\AppData\Local\Temp\elims-instruments-pytest-duts-all\test_bench_creates_named_dut0\bench.toml
2026-08-22 21:40:33.899 | DEBUG    | elims_instruments.bench.bench | elims_instruments.bench.bench:_read_assignments:86 - Validated bench duts assignment characterized_ic -> DUT-001
2026-08-22 21:40:33.899 | DEBUG    | elims_instruments.bench.bench | elims_instruments.bench.bench:_read_assignments:87 - Validated 1 bench duts
2026-08-22 21:40:33.899 | INFO     | elims_instruments.intruments.factory | elims_instruments.intruments.factory:create_instruments:105 - Creating 1 instrument drivers using bench configuration C:\Users\fabie\AppData\Local\Temp\elims-instruments-pytest-duts-all\test_bench_creates_named_dut0\bench.toml
2026-08-22 21:40:33.900 | DEBUG    | elims_instruments.intruments.factory | elims_instruments.intruments.factory:create_instruments:114 - Resolving bench instrument primary_dmm from asset DMM-001
2026-08-22 21:40:33.900 | DEBUG    | elims_instruments.intruments.factory | elims_instruments.database.crud:fetch:112 - fetch
2026-08-22 21:40:33.901 | DEBUG    | elims_instruments.intruments.factory | elims_instruments.intruments.factory:create:48 - Selecting driver for asset DMM-001 with type multimeter
2026-08-22 21:40:33.901 | DEBUG    | elims_instruments.intruments.multimeter.factory | elims_instruments.intruments.multimeter.factory:create:67 - Creating Keysight34401A driver for multimeter asset DMM-001
2026-08-22 21:40:33.901 | DEBUG    | elims_instruments.intruments.abstract | elims_instruments.intruments.abstract:__init__:21 - Initialized Keysight34401A driver for asset DMM-001
2026-08-22 21:40:33.901 | DEBUG    | elims_instruments.intruments.factory | elims_instruments.intruments.factory:create:61 - Created Keysight34401A driver for asset DMM-001
2026-08-22 21:40:33.901 | INFO     | elims_instruments.intruments.factory | elims_instruments.intruments.factory:create_instruments:122 - Created 1 instrument drivers
2026-08-22 21:40:33.901 | INFO     | elims_instruments.boards.factory | elims_instruments.boards.factory:create_boards:86 - Creating 1 board drivers using bench configuration C:\Users\fabie\AppData\Local\Temp\elims-instruments-pytest-duts-all\test_bench_creates_named_dut0\bench.toml
2026-08-22 21:40:33.902 | DEBUG    | elims_instruments.boards.factory | elims_instruments.boards.factory:create_boards:95 - Resolving board characterization_board from asset BRD-001
2026-08-22 21:40:33.902 | DEBUG    | elims_instruments.boards.factory | elims_instruments.database.crud:fetch:112 - fetch
2026-08-22 21:40:33.902 | DEBUG    | elims_instruments.boards.factory | elims_instruments.boards.factory:create:43 - Creating Board driver for board asset BRD-001
2026-08-22 21:40:33.902 | DEBUG    | elims_instruments.boards.abstract | elims_instruments.boards.abstract:__init__:20 - Initialized Board driver for board asset BRD-001
2026-08-22 21:40:33.902 | INFO     | elims_instruments.boards.factory | elims_instruments.boards.factory:create_boards:103 - Created 1 board drivers
2026-08-22 21:40:33.902 | INFO     | elims_instruments.duts.factory | elims_instruments.duts.factory:create_duts:86 - Creating 1 DUTs using bench configuration C:\Users\fabie\AppData\Local\Temp\elims-instruments-pytest-duts-all\test_bench_creates_named_dut0\bench.toml
2026-08-22 21:40:33.903 | DEBUG    | elims_instruments.duts.factory | elims_instruments.duts.factory:create_duts:95 - Resolving DUT characterized_ic from asset DUT-001
2026-08-22 21:40:33.903 | DEBUG    | elims_instruments.duts.factory | elims_instruments.database.crud:fetch:112 - fetch
2026-08-22 21:40:33.904 | DEBUG    | elims_instruments.duts.factory | elims_instruments.duts.factory:create:43 - Creating Dut for DUT asset DUT-001
2026-08-22 21:40:33.904 | DEBUG    | elims_instruments.duts.abstract | elims_instruments.duts.abstract:__init__:19 - Initialized Dut for DUT asset DUT-001
2026-08-22 21:40:33.904 | INFO     | elims_instruments.duts.factory | elims_instruments.duts.factory:create_duts:103 - Created 1 DUTs
2026-08-22 21:40:33.904 | INFO     | elims_instruments.bench.bench | elims_instruments.bench.bench:__init__:121 - Loaded bench with 1 instruments, 1 boards, and 1 DUTs
2026-08-22 21:40:34.000 | INFO     | elims_instruments.bench.bench | elims_instruments.bench.bench:__init__:103 - Loading bench from C:\Users\fabie\AppData\Local\Temp\elims-instruments-pytest-duts-all\test_bench_without_board_table0\bench.toml
2026-08-22 21:40:34.000 | DEBUG    | elims_instruments.bench.bench | elims_instruments.bench.bench:_read_assignments:40 - Reading bench instruments from C:\Users\fabie\AppData\Local\Temp\elims-instruments-pytest-duts-all\test_bench_without_board_table0\bench.toml
2026-08-22 21:40:34.000 | DEBUG    | elims_instruments.bench.bench | elims_instruments.bench.bench:_read_assignments:86 - Validated bench instruments assignment primary_dmm -> DMM-001
2026-08-22 21:40:34.000 | DEBUG    | elims_instruments.bench.bench | elims_instruments.bench.bench:_read_assignments:87 - Validated 1 bench instruments
2026-08-22 21:40:34.000 | DEBUG    | elims_instruments.bench.bench | elims_instruments.bench.bench:_read_assignments:40 - Reading bench boards from C:\Users\fabie\AppData\Local\Temp\elims-instruments-pytest-duts-all\test_bench_without_board_table0\bench.toml
2026-08-22 21:40:34.000 | DEBUG    | elims_instruments.bench.bench | elims_instruments.bench.bench:_read_assignments:40 - Reading bench duts from C:\Users\fabie\AppData\Local\Temp\elims-instruments-pytest-duts-all\test_bench_without_board_table0\bench.toml
2026-08-22 21:40:34.000 | INFO     | elims_instruments.intruments.factory | elims_instruments.intruments.factory:create_instruments:105 - Creating 1 instrument drivers using bench configuration C:\Users\fabie\AppData\Local\Temp\elims-instruments-pytest-duts-all\test_bench_without_board_table0\bench.toml
2026-08-22 21:40:34.001 | DEBUG    | elims_instruments.intruments.factory | elims_instruments.intruments.factory:create_instruments:114 - Resolving bench instrument primary_dmm from asset DMM-001
2026-08-22 21:40:34.001 | DEBUG    | elims_instruments.intruments.factory | elims_instruments.database.crud:fetch:112 - fetch
2026-08-22 21:40:34.001 | DEBUG    | elims_instruments.intruments.factory | elims_instruments.intruments.factory:create:48 - Selecting driver for asset DMM-001 with type multimeter
2026-08-22 21:40:34.001 | DEBUG    | elims_instruments.intruments.multimeter.factory | elims_instruments.intruments.multimeter.factory:create:67 - Creating Keysight34401A driver for multimeter asset DMM-001
2026-08-22 21:40:34.001 | DEBUG    | elims_instruments.intruments.abstract | elims_instruments.intruments.abstract:__init__:21 - Initialized Keysight34401A driver for asset DMM-001
2026-08-22 21:40:34.001 | DEBUG    | elims_instruments.intruments.factory | elims_instruments.intruments.factory:create:61 - Created Keysight34401A driver for asset DMM-001
2026-08-22 21:40:34.002 | INFO     | elims_instruments.intruments.factory | elims_instruments.intruments.factory:create_instruments:122 - Created 1 instrument drivers
2026-08-22 21:40:34.002 | INFO     | elims_instruments.boards.factory | elims_instruments.boards.factory:create_boards:86 - Creating 0 board drivers using bench configuration C:\Users\fabie\AppData\Local\Temp\elims-instruments-pytest-duts-all\test_bench_without_board_table0\bench.toml
2026-08-22 21:40:34.002 | INFO     | elims_instruments.boards.factory | elims_instruments.boards.factory:create_boards:103 - Created 0 board drivers
2026-08-22 21:40:34.002 | INFO     | elims_instruments.duts.factory | elims_instruments.duts.factory:create_duts:86 - Creating 0 DUTs using bench configuration C:\Users\fabie\AppData\Local\Temp\elims-instruments-pytest-duts-all\test_bench_without_board_table0\bench.toml
2026-08-22 21:40:34.003 | INFO     | elims_instruments.duts.factory | elims_instruments.duts.factory:create_duts:103 - Created 0 DUTs
2026-08-22 21:40:34.003 | INFO     | elims_instruments.bench.bench | elims_instruments.bench.bench:__init__:121 - Loaded bench with 1 instruments, 0 boards, and 0 DUTs
2026-08-22 21:40:34.098 | INFO     | elims_instruments.bench.bench | elims_instruments.bench.bench:__init__:103 - Loading bench from C:\Users\fabie\AppData\Local\Temp\elims-instruments-pytest-duts-all\test_bench_rejects_missing_ass0\bench.toml
2026-08-22 21:40:34.098 | DEBUG    | elims_instruments.bench.bench | elims_instruments.bench.bench:_read_assignments:40 - Reading bench instruments from C:\Users\fabie\AppData\Local\Temp\elims-instruments-pytest-duts-all\test_bench_rejects_missing_ass0\bench.toml
2026-08-22 21:40:34.098 | DEBUG    | elims_instruments.bench.bench | elims_instruments.bench.bench:_read_assignments:86 - Validated bench instruments assignment missing -> DMM-999
2026-08-22 21:40:34.098 | DEBUG    | elims_instruments.bench.bench | elims_instruments.bench.bench:_read_assignments:87 - Validated 1 bench instruments
2026-08-22 21:40:34.098 | DEBUG    | elims_instruments.bench.bench | elims_instruments.bench.bench:_read_assignments:40 - Reading bench boards from C:\Users\fabie\AppData\Local\Temp\elims-instruments-pytest-duts-all\test_bench_rejects_missing_ass0\bench.toml
2026-08-22 21:40:34.098 | DEBUG    | elims_instruments.bench.bench | elims_instruments.bench.bench:_read_assignments:40 - Reading bench duts from C:\Users\fabie\AppData\Local\Temp\elims-instruments-pytest-duts-all\test_bench_rejects_missing_ass0\bench.toml
2026-08-22 21:40:34.098 | INFO     | elims_instruments.intruments.factory | elims_instruments.intruments.factory:create_instruments:105 - Creating 1 instrument drivers using bench configuration C:\Users\fabie\AppData\Local\Temp\elims-instruments-pytest-duts-all\test_bench_rejects_missing_ass0\bench.toml
2026-08-22 21:40:34.099 | DEBUG    | elims_instruments.intruments.factory | elims_instruments.intruments.factory:create_instruments:114 - Resolving bench instrument missing from asset DMM-999
2026-08-22 21:40:34.099 | DEBUG    | elims_instruments.intruments.factory | elims_instruments.database.crud:fetch:112 - fetch
2026-08-22 21:40:34.192 | INFO     | elims_instruments.bench.bench | elims_instruments.bench.bench:__init__:103 - Loading bench from C:\Users\fabie\AppData\Local\Temp\elims-instruments-pytest-duts-all\test_bench_rejects_duplicate_a0\bench.toml
2026-08-22 21:40:34.192 | DEBUG    | elims_instruments.bench.bench | elims_instruments.bench.bench:_read_assignments:40 - Reading bench instruments from C:\Users\fabie\AppData\Local\Temp\elims-instruments-pytest-duts-all\test_bench_rejects_duplicate_a0\bench.toml
2026-08-22 21:40:34.192 | DEBUG    | elims_instruments.bench.bench | elims_instruments.bench.bench:_read_assignments:86 - Validated bench instruments assignment first -> DMM-001
2026-08-22 21:40:34.287 | INFO     | elims_instruments.bench.bench | elims_instruments.bench.bench:__init__:103 - Loading bench from C:\Users\fabie\AppData\Local\Temp\elims-instruments-pytest-duts-all\test_bench_rejects_unauthorize0\bench.toml
2026-08-22 21:40:34.287 | DEBUG    | elims_instruments.bench.bench | elims_instruments.bench.bench:_read_assignments:40 - Reading bench instruments from C:\Users\fabie\AppData\Local\Temp\elims-instruments-pytest-duts-all\test_bench_rejects_unauthorize0\bench.toml
2026-08-22 21:40:34.288 | DEBUG    | elims_instruments.intruments.factory | elims_instruments.intruments.factory:create:48 - Selecting driver for asset SCOPE-001 with type oscilloscope
2026-08-22 21:40:34.367 | INFO     | elims_instruments.boards.factory | elims_instruments.boards.factory:create_boards:86 - Creating 1 board drivers using bench configuration C:\Users\fabie\AppData\Local\Temp\elims-instruments-pytest-duts-all\test_create_boards_uses_base_d0\bench.toml
2026-08-22 21:40:34.368 | DEBUG    | elims_instruments.boards.factory | elims_instruments.boards.factory:create_boards:95 - Resolving board characterization_board from asset BRD-001
2026-08-22 21:40:34.368 | DEBUG    | elims_instruments.boards.factory | elims_instruments.database.crud:fetch:112 - fetch
2026-08-22 21:40:34.369 | DEBUG    | elims_instruments.boards.factory | elims_instruments.boards.factory:create:43 - Creating Board driver for board asset BRD-001
2026-08-22 21:40:34.369 | DEBUG    | elims_instruments.boards.abstract | elims_instruments.boards.abstract:__init__:20 - Initialized Board driver for board asset BRD-001
2026-08-22 21:40:34.369 | INFO     | elims_instruments.boards.factory | elims_instruments.boards.factory:create_boards:103 - Created 1 board drivers
2026-08-22 21:40:34.369 | DEBUG    | elims_instruments.boards.factory | elims_instruments.boards.factory:register:33 - Registered board builder FixtureBoard for type registered-fixture
2026-08-22 21:40:34.369 | DEBUG    | elims_instruments.boards.factory | elims_instruments.boards.factory:create:43 - Creating FixtureBoard driver for board asset BRD-002
2026-08-22 21:40:34.369 | DEBUG    | elims_instruments.boards.abstract | elims_instruments.boards.abstract:__init__:20 - Initialized FixtureBoard driver for board asset BRD-002
2026-08-22 21:40:34.450 | INFO     | elims_instruments.boards.factory | elims_instruments.boards.factory:create_boards:86 - Creating 1 board drivers using bench configuration C:\Users\fabie\AppData\Local\Temp\elims-instruments-pytest-duts-all\test_create_boards_rejects_mis0\bench.toml
2026-08-22 21:40:34.451 | DEBUG    | elims_instruments.boards.factory | elims_instruments.boards.factory:create_boards:95 - Resolving board missing from asset BRD-999
2026-08-22 21:40:34.451 | DEBUG    | elims_instruments.boards.factory | elims_instruments.database.crud:fetch:112 - fetch
2026-08-22 21:40:34.531 | INFO     | elims_instruments.duts.factory | elims_instruments.duts.factory:create_duts:86 - Creating 1 DUTs using bench configuration C:\Users\fabie\AppData\Local\Temp\elims-instruments-pytest-duts-all\test_create_duts_uses_base_obj0\bench.toml
2026-08-22 21:40:34.532 | DEBUG    | elims_instruments.duts.factory | elims_instruments.duts.factory:create_duts:95 - Resolving DUT characterized_ic from asset DUT-001
2026-08-22 21:40:34.532 | DEBUG    | elims_instruments.duts.factory | elims_instruments.database.crud:fetch:112 - fetch
2026-08-22 21:40:34.533 | DEBUG    | elims_instruments.duts.factory | elims_instruments.duts.factory:create:43 - Creating Dut for DUT asset DUT-001
2026-08-22 21:40:34.533 | DEBUG    | elims_instruments.duts.abstract | elims_instruments.duts.abstract:__init__:19 - Initialized Dut for DUT asset DUT-001
2026-08-22 21:40:34.533 | INFO     | elims_instruments.duts.factory | elims_instruments.duts.factory:create_duts:103 - Created 1 DUTs
2026-08-22 21:40:34.534 | DEBUG    | elims_instruments.duts.factory | elims_instruments.duts.factory:register:33 - Registered DUT builder CharacterizationDut for type registered-ic
2026-08-22 21:40:34.534 | DEBUG    | elims_instruments.duts.factory | elims_instruments.duts.factory:create:43 - Creating CharacterizationDut for DUT asset DUT-002
2026-08-22 21:40:34.534 | DEBUG    | elims_instruments.duts.abstract | elims_instruments.duts.abstract:__init__:19 - Initialized CharacterizationDut for DUT asset DUT-002
2026-08-22 21:40:34.613 | INFO     | elims_instruments.duts.factory | elims_instruments.duts.factory:create_duts:86 - Creating 1 DUTs using bench configuration C:\Users\fabie\AppData\Local\Temp\elims-instruments-pytest-duts-all\test_create_duts_rejects_missi0\bench.toml
2026-08-22 21:40:34.614 | DEBUG    | elims_instruments.duts.factory | elims_instruments.duts.factory:create_duts:95 - Resolving DUT missing from asset DUT-999
2026-08-22 21:40:34.614 | DEBUG    | elims_instruments.duts.factory | elims_instruments.database.crud:fetch:112 - fetch
