2026-08-23 18:59:27.337 | DEBUG    | cli              | elims_instruments.cli.boards:_repository:49 - Opening board repository with C:\Users\fabie\Documents\projets\elims-instruments\.pytest-tmp\test_cli_crud_lifecycle0\bench.toml
2026-08-23 18:59:27.429 | DEBUG    | cli              | elims_instruments.database.crud:add:119 - add
2026-08-23 18:59:27.445 | DEBUG    | cli              | elims_instruments.cli.boards:_repository:49 - Opening board repository with C:\Users\fabie\Documents\projets\elims-instruments\.pytest-tmp\test_cli_crud_lifecycle0\bench.toml
2026-08-23 18:59:27.446 | DEBUG    | cli              | elims_instruments.database.crud:fetch:112 - fetch
2026-08-23 18:59:27.452 | DEBUG    | cli              | elims_instruments.cli.boards:_repository:49 - Opening board repository with C:\Users\fabie\Documents\projets\elims-instruments\.pytest-tmp\test_cli_crud_lifecycle0\bench.toml
2026-08-23 18:59:27.453 | DEBUG    | cli              | elims_instruments.database.crud:fetchall:106 - fetchall
2026-08-23 18:59:27.459 | DEBUG    | cli              | elims_instruments.cli.boards:_repository:49 - Opening board repository with C:\Users\fabie\Documents\projets\elims-instruments\.pytest-tmp\test_cli_crud_lifecycle0\bench.toml
2026-08-23 18:59:27.473 | DEBUG    | cli              | elims_instruments.cli.boards:_repository:49 - Opening board repository with C:\Users\fabie\Documents\projets\elims-instruments\.pytest-tmp\test_cli_crud_lifecycle0\bench.toml
2026-08-23 18:59:27.474 | DEBUG    | cli              | elims_instruments.database.crud:remove:136 - remove
2026-08-23 18:59:27.689 | DEBUG    | cli              | elims_instruments.cli.boards:_repository:49 - Opening board repository with C:\Users\fabie\Documents\projets\elims-instruments\.pytest-tmp\test_export_and_sync_yaml0\bench.toml
2026-08-23 18:59:27.773 | DEBUG    | cli              | elims_instruments.database.crud:add:119 - add
2026-08-23 18:59:27.787 | DEBUG    | cli              | elims_instruments.cli.boards:_repository:49 - Opening board repository with C:\Users\fabie\Documents\projets\elims-instruments\.pytest-tmp\test_export_and_sync_yaml0\bench.toml
2026-08-23 18:59:27.788 | DEBUG    | cli              | elims_instruments.database.crud:fetchall:106 - fetchall
2026-08-23 18:59:27.797 | DEBUG    | cli              | elims_instruments.cli.boards:_repository:49 - Opening board repository with C:\Users\fabie\Documents\projets\elims-instruments\.pytest-tmp\test_export_and_sync_yaml0\bench.toml
2026-08-23 18:59:27.821 | DEBUG    | cli              | elims_instruments.cli.instruments:_repository:49 - Opening instrument repository with C:\Users\fabie\Documents\projets\elims-instruments\.pytest-tmp\test_cli_crud_lifecycle1\bench.toml
2026-08-23 18:59:27.903 | DEBUG    | cli              | elims_instruments.database.crud:add:119 - add
2026-08-23 18:59:27.916 | DEBUG    | cli              | elims_instruments.cli.instruments:_repository:49 - Opening instrument repository with C:\Users\fabie\Documents\projets\elims-instruments\.pytest-tmp\test_cli_crud_lifecycle1\bench.toml
2026-08-23 18:59:27.918 | DEBUG    | cli              | elims_instruments.database.crud:fetch:112 - fetch
2026-08-23 18:59:27.925 | DEBUG    | cli              | elims_instruments.cli.instruments:_repository:49 - Opening instrument repository with C:\Users\fabie\Documents\projets\elims-instruments\.pytest-tmp\test_cli_crud_lifecycle1\bench.toml
2026-08-23 18:59:27.926 | DEBUG    | cli              | elims_instruments.database.crud:fetchall:106 - fetchall
2026-08-23 18:59:27.933 | DEBUG    | cli              | elims_instruments.cli.instruments:_repository:49 - Opening instrument repository with C:\Users\fabie\Documents\projets\elims-instruments\.pytest-tmp\test_cli_crud_lifecycle1\bench.toml
2026-08-23 18:59:27.947 | DEBUG    | cli              | elims_instruments.cli.instruments:_repository:49 - Opening instrument repository with C:\Users\fabie\Documents\projets\elims-instruments\.pytest-tmp\test_cli_crud_lifecycle1\bench.toml
2026-08-23 18:59:27.948 | DEBUG    | cli              | elims_instruments.database.crud:remove:136 - remove
2026-08-23 18:59:27.961 | DEBUG    | cli              | elims_instruments.cli.instruments:_repository:49 - Opening instrument repository with C:\Users\fabie\Documents\projets\elims-instruments\.pytest-tmp\test_cli_crud_lifecycle1\bench.toml
2026-08-23 18:59:27.963 | DEBUG    | cli              | elims_instruments.database.crud:fetch:112 - fetch
2026-08-23 18:59:27.985 | DEBUG    | cli              | elims_instruments.cli.instruments:_repository:49 - Opening instrument repository with C:\Users\fabie\Documents\projets\elims-instruments\.pytest-tmp\test_add_rejects_duplicate_ass0\bench.toml
2026-08-23 18:59:28.069 | DEBUG    | cli              | elims_instruments.database.crud:add:119 - add
2026-08-23 18:59:28.081 | DEBUG    | cli              | elims_instruments.cli.instruments:_repository:49 - Opening instrument repository with C:\Users\fabie\Documents\projets\elims-instruments\.pytest-tmp\test_add_rejects_duplicate_ass0\bench.toml
2026-08-23 18:59:28.082 | DEBUG    | cli              | elims_instruments.database.crud:add:119 - add
2026-08-23 18:59:28.091 | DEBUG    | cli              | elims_instruments.cli.instruments:_repository:49 - Opening instrument repository with C:\Users\fabie\Documents\projets\elims-instruments\.pytest-tmp\test_export_and_sync_yaml1\bench.toml
2026-08-23 18:59:28.173 | DEBUG    | cli              | elims_instruments.database.crud:add:119 - add
2026-08-23 18:59:28.185 | DEBUG    | cli              | elims_instruments.cli.instruments:_repository:49 - Opening instrument repository with C:\Users\fabie\Documents\projets\elims-instruments\.pytest-tmp\test_export_and_sync_yaml1\bench.toml
2026-08-23 18:59:28.186 | DEBUG    | cli              | elims_instruments.database.crud:fetchall:106 - fetchall
2026-08-23 18:59:28.194 | DEBUG    | cli              | elims_instruments.cli.instruments:_repository:49 - Opening instrument repository with C:\Users\fabie\Documents\projets\elims-instruments\.pytest-tmp\test_export_and_sync_yaml1\bench.toml
2026-08-23 18:59:28.209 | DEBUG    | cli              | elims_instruments.cli.instruments:_repository:49 - Opening instrument repository with C:\Users\fabie\Documents\projets\elims-instruments\.pytest-tmp\test_export_and_sync_yaml1\bench.toml
2026-08-23 18:59:28.210 | DEBUG    | cli              | elims_instruments.database.crud:fetchall:106 - fetchall
2026-08-23 18:59:29.373 | INFO     | elims_instruments.bench.bench | elims_instruments.bench.bench:__init__:103 - Loading bench from C:\Users\fabie\Documents\projets\elims-instruments\.pytest-tmp\test_bench_creates_named_drive0\bench.toml
2026-08-23 18:59:29.374 | DEBUG    | elims_instruments.bench.bench | elims_instruments.bench.bench:_read_assignments:40 - Reading bench instruments from C:\Users\fabie\Documents\projets\elims-instruments\.pytest-tmp\test_bench_creates_named_drive0\bench.toml
2026-08-23 18:59:29.374 | DEBUG    | elims_instruments.bench.bench | elims_instruments.bench.bench:_read_assignments:86 - Validated bench instruments assignment primary_dmm -> DMM-001
2026-08-23 18:59:29.374 | DEBUG    | elims_instruments.bench.bench | elims_instruments.bench.bench:_read_assignments:86 - Validated bench instruments assignment counter -> CNT-001
2026-08-23 18:59:29.374 | DEBUG    | elims_instruments.bench.bench | elims_instruments.bench.bench:_read_assignments:87 - Validated 2 bench instruments
2026-08-23 18:59:29.374 | DEBUG    | elims_instruments.bench.bench | elims_instruments.bench.bench:_read_assignments:40 - Reading bench boards from C:\Users\fabie\Documents\projets\elims-instruments\.pytest-tmp\test_bench_creates_named_drive0\bench.toml
2026-08-23 18:59:29.374 | DEBUG    | elims_instruments.bench.bench | elims_instruments.bench.bench:_read_assignments:40 - Reading bench duts from C:\Users\fabie\Documents\projets\elims-instruments\.pytest-tmp\test_bench_creates_named_drive0\bench.toml
2026-08-23 18:59:29.374 | INFO     | elims_instruments.intruments.factory | elims_instruments.intruments.factory:create_instruments:105 - Creating 2 instrument drivers using bench configuration C:\Users\fabie\Documents\projets\elims-instruments\.pytest-tmp\test_bench_creates_named_drive0\bench.toml
2026-08-23 18:59:29.375 | DEBUG    | elims_instruments.intruments.factory | elims_instruments.intruments.factory:create_instruments:114 - Resolving bench instrument primary_dmm from asset DMM-001
2026-08-23 18:59:29.375 | DEBUG    | elims_instruments.intruments.factory | elims_instruments.database.crud:fetch:112 - fetch
2026-08-23 18:59:29.376 | DEBUG    | elims_instruments.intruments.factory | elims_instruments.intruments.factory:create:48 - Selecting driver for asset DMM-001 with type multimeter
2026-08-23 18:59:29.376 | DEBUG    | elims_instruments.intruments.multimeter.factory | elims_instruments.intruments.multimeter.factory:create:67 - Creating Keysight34401A driver for multimeter asset DMM-001
2026-08-23 18:59:29.376 | DEBUG    | elims_instruments.intruments.abstract | elims_instruments.intruments.abstract:__init__:21 - Initialized Keysight34401A driver for asset DMM-001
2026-08-23 18:59:29.376 | DEBUG    | elims_instruments.intruments.factory | elims_instruments.intruments.factory:create:61 - Created Keysight34401A driver for asset DMM-001
2026-08-23 18:59:29.376 | DEBUG    | elims_instruments.intruments.factory | elims_instruments.intruments.factory:create_instruments:114 - Resolving bench instrument counter from asset CNT-001
2026-08-23 18:59:29.376 | DEBUG    | elims_instruments.intruments.factory | elims_instruments.database.crud:fetch:112 - fetch
2026-08-23 18:59:29.377 | DEBUG    | elims_instruments.intruments.factory | elims_instruments.intruments.factory:create:48 - Selecting driver for asset CNT-001 with type counter
2026-08-23 18:59:29.377 | DEBUG    | elims_instruments.intruments.counter.factory | elims_instruments.intruments.counter.factory:create:67 - Creating Keysight53220A driver for counter asset CNT-001
2026-08-23 18:59:29.377 | DEBUG    | elims_instruments.intruments.abstract | elims_instruments.intruments.abstract:__init__:21 - Initialized Keysight53220A driver for asset CNT-001
2026-08-23 18:59:29.377 | DEBUG    | elims_instruments.intruments.factory | elims_instruments.intruments.factory:create:61 - Created Keysight53220A driver for asset CNT-001
2026-08-23 18:59:29.377 | INFO     | elims_instruments.intruments.factory | elims_instruments.intruments.factory:create_instruments:122 - Created 2 instrument drivers
2026-08-23 18:59:29.377 | INFO     | elims_instruments.boards.factory | elims_instruments.boards.factory:create_boards:86 - Creating 0 board drivers using bench configuration C:\Users\fabie\Documents\projets\elims-instruments\.pytest-tmp\test_bench_creates_named_drive0\bench.toml
2026-08-23 18:59:29.378 | INFO     | elims_instruments.boards.factory | elims_instruments.boards.factory:create_boards:103 - Created 0 board drivers
2026-08-23 18:59:29.378 | INFO     | elims_instruments.duts.factory | elims_instruments.duts.factory:create_duts:86 - Creating 0 DUTs using bench configuration C:\Users\fabie\Documents\projets\elims-instruments\.pytest-tmp\test_bench_creates_named_drive0\bench.toml
2026-08-23 18:59:29.379 | INFO     | elims_instruments.duts.factory | elims_instruments.duts.factory:create_duts:103 - Created 0 DUTs
2026-08-23 18:59:29.379 | INFO     | elims_instruments.bench.bench | elims_instruments.bench.bench:__init__:121 - Loaded bench with 2 instruments, 0 boards, and 0 DUTs
2026-08-23 18:59:29.493 | INFO     | elims_instruments.bench.bench | elims_instruments.bench.bench:__init__:103 - Loading bench from C:\Users\fabie\Documents\projets\elims-instruments\.pytest-tmp\test_bench_creates_named_board0\bench.toml
2026-08-23 18:59:29.494 | DEBUG    | elims_instruments.bench.bench | elims_instruments.bench.bench:_read_assignments:40 - Reading bench instruments from C:\Users\fabie\Documents\projets\elims-instruments\.pytest-tmp\test_bench_creates_named_board0\bench.toml
2026-08-23 18:59:29.494 | DEBUG    | elims_instruments.bench.bench | elims_instruments.bench.bench:_read_assignments:86 - Validated bench instruments assignment primary_dmm -> DMM-001
2026-08-23 18:59:29.494 | DEBUG    | elims_instruments.bench.bench | elims_instruments.bench.bench:_read_assignments:87 - Validated 1 bench instruments
2026-08-23 18:59:29.494 | DEBUG    | elims_instruments.bench.bench | elims_instruments.bench.bench:_read_assignments:40 - Reading bench boards from C:\Users\fabie\Documents\projets\elims-instruments\.pytest-tmp\test_bench_creates_named_board0\bench.toml
2026-08-23 18:59:29.494 | DEBUG    | elims_instruments.bench.bench | elims_instruments.bench.bench:_read_assignments:86 - Validated bench boards assignment characterization_board -> BRD-001
2026-08-23 18:59:29.494 | DEBUG    | elims_instruments.bench.bench | elims_instruments.bench.bench:_read_assignments:87 - Validated 1 bench boards
2026-08-23 18:59:29.494 | DEBUG    | elims_instruments.bench.bench | elims_instruments.bench.bench:_read_assignments:40 - Reading bench duts from C:\Users\fabie\Documents\projets\elims-instruments\.pytest-tmp\test_bench_creates_named_board0\bench.toml
2026-08-23 18:59:29.494 | INFO     | elims_instruments.intruments.factory | elims_instruments.intruments.factory:create_instruments:105 - Creating 1 instrument drivers using bench configuration C:\Users\fabie\Documents\projets\elims-instruments\.pytest-tmp\test_bench_creates_named_board0\bench.toml
2026-08-23 18:59:29.495 | DEBUG    | elims_instruments.intruments.factory | elims_instruments.intruments.factory:create_instruments:114 - Resolving bench instrument primary_dmm from asset DMM-001
2026-08-23 18:59:29.495 | DEBUG    | elims_instruments.intruments.factory | elims_instruments.database.crud:fetch:112 - fetch
2026-08-23 18:59:29.496 | DEBUG    | elims_instruments.intruments.factory | elims_instruments.intruments.factory:create:48 - Selecting driver for asset DMM-001 with type multimeter
2026-08-23 18:59:29.496 | DEBUG    | elims_instruments.intruments.multimeter.factory | elims_instruments.intruments.multimeter.factory:create:67 - Creating Keysight34401A driver for multimeter asset DMM-001
2026-08-23 18:59:29.496 | DEBUG    | elims_instruments.intruments.abstract | elims_instruments.intruments.abstract:__init__:21 - Initialized Keysight34401A driver for asset DMM-001
2026-08-23 18:59:29.496 | DEBUG    | elims_instruments.intruments.factory | elims_instruments.intruments.factory:create:61 - Created Keysight34401A driver for asset DMM-001
2026-08-23 18:59:29.496 | INFO     | elims_instruments.intruments.factory | elims_instruments.intruments.factory:create_instruments:122 - Created 1 instrument drivers
2026-08-23 18:59:29.496 | INFO     | elims_instruments.boards.factory | elims_instruments.boards.factory:create_boards:86 - Creating 1 board drivers using bench configuration C:\Users\fabie\Documents\projets\elims-instruments\.pytest-tmp\test_bench_creates_named_board0\bench.toml
2026-08-23 18:59:29.497 | DEBUG    | elims_instruments.boards.factory | elims_instruments.boards.factory:create_boards:95 - Resolving board characterization_board from asset BRD-001
2026-08-23 18:59:29.497 | DEBUG    | elims_instruments.boards.factory | elims_instruments.database.crud:fetch:112 - fetch
2026-08-23 18:59:29.498 | DEBUG    | elims_instruments.boards.factory | elims_instruments.boards.factory:create:43 - Creating Board driver for board asset BRD-001
2026-08-23 18:59:29.498 | DEBUG    | elims_instruments.boards.abstract | elims_instruments.boards.abstract:__init__:20 - Initialized Board driver for board asset BRD-001
2026-08-23 18:59:29.498 | INFO     | elims_instruments.boards.factory | elims_instruments.boards.factory:create_boards:103 - Created 1 board drivers
2026-08-23 18:59:29.498 | INFO     | elims_instruments.duts.factory | elims_instruments.duts.factory:create_duts:86 - Creating 0 DUTs using bench configuration C:\Users\fabie\Documents\projets\elims-instruments\.pytest-tmp\test_bench_creates_named_board0\bench.toml
2026-08-23 18:59:29.499 | INFO     | elims_instruments.duts.factory | elims_instruments.duts.factory:create_duts:103 - Created 0 DUTs
2026-08-23 18:59:29.499 | INFO     | elims_instruments.bench.bench | elims_instruments.bench.bench:__init__:121 - Loaded bench with 1 instruments, 1 boards, and 0 DUTs
2026-08-23 18:59:29.611 | INFO     | elims_instruments.bench.bench | elims_instruments.bench.bench:__init__:103 - Loading bench from C:\Users\fabie\Documents\projets\elims-instruments\.pytest-tmp\test_bench_creates_named_dut0\bench.toml
2026-08-23 18:59:29.611 | DEBUG    | elims_instruments.bench.bench | elims_instruments.bench.bench:_read_assignments:40 - Reading bench instruments from C:\Users\fabie\Documents\projets\elims-instruments\.pytest-tmp\test_bench_creates_named_dut0\bench.toml
2026-08-23 18:59:29.611 | DEBUG    | elims_instruments.bench.bench | elims_instruments.bench.bench:_read_assignments:86 - Validated bench instruments assignment primary_dmm -> DMM-001
2026-08-23 18:59:29.611 | DEBUG    | elims_instruments.bench.bench | elims_instruments.bench.bench:_read_assignments:87 - Validated 1 bench instruments
2026-08-23 18:59:29.611 | DEBUG    | elims_instruments.bench.bench | elims_instruments.bench.bench:_read_assignments:40 - Reading bench boards from C:\Users\fabie\Documents\projets\elims-instruments\.pytest-tmp\test_bench_creates_named_dut0\bench.toml
2026-08-23 18:59:29.611 | DEBUG    | elims_instruments.bench.bench | elims_instruments.bench.bench:_read_assignments:86 - Validated bench boards assignment characterization_board -> BRD-001
2026-08-23 18:59:29.611 | DEBUG    | elims_instruments.bench.bench | elims_instruments.bench.bench:_read_assignments:87 - Validated 1 bench boards
2026-08-23 18:59:29.611 | DEBUG    | elims_instruments.bench.bench | elims_instruments.bench.bench:_read_assignments:40 - Reading bench duts from C:\Users\fabie\Documents\projets\elims-instruments\.pytest-tmp\test_bench_creates_named_dut0\bench.toml
2026-08-23 18:59:29.611 | DEBUG    | elims_instruments.bench.bench | elims_instruments.bench.bench:_read_assignments:86 - Validated bench duts assignment characterized_ic -> DUT-001
2026-08-23 18:59:29.611 | DEBUG    | elims_instruments.bench.bench | elims_instruments.bench.bench:_read_assignments:87 - Validated 1 bench duts
2026-08-23 18:59:29.611 | INFO     | elims_instruments.intruments.factory | elims_instruments.intruments.factory:create_instruments:105 - Creating 1 instrument drivers using bench configuration C:\Users\fabie\Documents\projets\elims-instruments\.pytest-tmp\test_bench_creates_named_dut0\bench.toml
2026-08-23 18:59:29.612 | DEBUG    | elims_instruments.intruments.factory | elims_instruments.intruments.factory:create_instruments:114 - Resolving bench instrument primary_dmm from asset DMM-001
2026-08-23 18:59:29.612 | DEBUG    | elims_instruments.intruments.factory | elims_instruments.database.crud:fetch:112 - fetch
2026-08-23 18:59:29.613 | DEBUG    | elims_instruments.intruments.factory | elims_instruments.intruments.factory:create:48 - Selecting driver for asset DMM-001 with type multimeter
2026-08-23 18:59:29.613 | DEBUG    | elims_instruments.intruments.multimeter.factory | elims_instruments.intruments.multimeter.factory:create:67 - Creating Keysight34401A driver for multimeter asset DMM-001
2026-08-23 18:59:29.613 | DEBUG    | elims_instruments.intruments.abstract | elims_instruments.intruments.abstract:__init__:21 - Initialized Keysight34401A driver for asset DMM-001
2026-08-23 18:59:29.613 | DEBUG    | elims_instruments.intruments.factory | elims_instruments.intruments.factory:create:61 - Created Keysight34401A driver for asset DMM-001
2026-08-23 18:59:29.613 | INFO     | elims_instruments.intruments.factory | elims_instruments.intruments.factory:create_instruments:122 - Created 1 instrument drivers
2026-08-23 18:59:29.613 | INFO     | elims_instruments.boards.factory | elims_instruments.boards.factory:create_boards:86 - Creating 1 board drivers using bench configuration C:\Users\fabie\Documents\projets\elims-instruments\.pytest-tmp\test_bench_creates_named_dut0\bench.toml
2026-08-23 18:59:29.614 | DEBUG    | elims_instruments.boards.factory | elims_instruments.boards.factory:create_boards:95 - Resolving board characterization_board from asset BRD-001
2026-08-23 18:59:29.614 | DEBUG    | elims_instruments.boards.factory | elims_instruments.database.crud:fetch:112 - fetch
2026-08-23 18:59:29.615 | DEBUG    | elims_instruments.boards.factory | elims_instruments.boards.factory:create:43 - Creating Board driver for board asset BRD-001
2026-08-23 18:59:29.615 | DEBUG    | elims_instruments.boards.abstract | elims_instruments.boards.abstract:__init__:20 - Initialized Board driver for board asset BRD-001
2026-08-23 18:59:29.615 | INFO     | elims_instruments.boards.factory | elims_instruments.boards.factory:create_boards:103 - Created 1 board drivers
2026-08-23 18:59:29.615 | INFO     | elims_instruments.duts.factory | elims_instruments.duts.factory:create_duts:86 - Creating 1 DUTs using bench configuration C:\Users\fabie\Documents\projets\elims-instruments\.pytest-tmp\test_bench_creates_named_dut0\bench.toml
2026-08-23 18:59:29.615 | DEBUG    | elims_instruments.duts.factory | elims_instruments.duts.factory:create_duts:95 - Resolving DUT characterized_ic from asset DUT-001
2026-08-23 18:59:29.615 | DEBUG    | elims_instruments.duts.factory | elims_instruments.database.crud:fetch:112 - fetch
2026-08-23 18:59:29.616 | DEBUG    | elims_instruments.duts.factory | elims_instruments.duts.factory:create:43 - Creating Dut for DUT asset DUT-001
2026-08-23 18:59:29.616 | DEBUG    | elims_instruments.duts.abstract | elims_instruments.duts.abstract:__init__:19 - Initialized Dut for DUT asset DUT-001
2026-08-23 18:59:29.616 | INFO     | elims_instruments.duts.factory | elims_instruments.duts.factory:create_duts:103 - Created 1 DUTs
2026-08-23 18:59:29.616 | INFO     | elims_instruments.bench.bench | elims_instruments.bench.bench:__init__:121 - Loaded bench with 1 instruments, 1 boards, and 1 DUTs
2026-08-23 18:59:29.738 | INFO     | elims_instruments.bench.bench | elims_instruments.bench.bench:__init__:103 - Loading bench from C:\Users\fabie\Documents\projets\elims-instruments\.pytest-tmp\test_bench_without_board_table0\bench.toml
2026-08-23 18:59:29.738 | DEBUG    | elims_instruments.bench.bench | elims_instruments.bench.bench:_read_assignments:40 - Reading bench instruments from C:\Users\fabie\Documents\projets\elims-instruments\.pytest-tmp\test_bench_without_board_table0\bench.toml
2026-08-23 18:59:29.738 | DEBUG    | elims_instruments.bench.bench | elims_instruments.bench.bench:_read_assignments:86 - Validated bench instruments assignment primary_dmm -> DMM-001
2026-08-23 18:59:29.738 | DEBUG    | elims_instruments.bench.bench | elims_instruments.bench.bench:_read_assignments:87 - Validated 1 bench instruments
2026-08-23 18:59:29.738 | DEBUG    | elims_instruments.bench.bench | elims_instruments.bench.bench:_read_assignments:40 - Reading bench boards from C:\Users\fabie\Documents\projets\elims-instruments\.pytest-tmp\test_bench_without_board_table0\bench.toml
2026-08-23 18:59:29.738 | DEBUG    | elims_instruments.bench.bench | elims_instruments.bench.bench:_read_assignments:40 - Reading bench duts from C:\Users\fabie\Documents\projets\elims-instruments\.pytest-tmp\test_bench_without_board_table0\bench.toml
2026-08-23 18:59:29.739 | INFO     | elims_instruments.intruments.factory | elims_instruments.intruments.factory:create_instruments:105 - Creating 1 instrument drivers using bench configuration C:\Users\fabie\Documents\projets\elims-instruments\.pytest-tmp\test_bench_without_board_table0\bench.toml
2026-08-23 18:59:29.740 | DEBUG    | elims_instruments.intruments.factory | elims_instruments.intruments.factory:create_instruments:114 - Resolving bench instrument primary_dmm from asset DMM-001
2026-08-23 18:59:29.740 | DEBUG    | elims_instruments.intruments.factory | elims_instruments.database.crud:fetch:112 - fetch
2026-08-23 18:59:29.741 | DEBUG    | elims_instruments.intruments.factory | elims_instruments.intruments.factory:create:48 - Selecting driver for asset DMM-001 with type multimeter
2026-08-23 18:59:29.741 | DEBUG    | elims_instruments.intruments.multimeter.factory | elims_instruments.intruments.multimeter.factory:create:67 - Creating Keysight34401A driver for multimeter asset DMM-001
2026-08-23 18:59:29.741 | DEBUG    | elims_instruments.intruments.abstract | elims_instruments.intruments.abstract:__init__:21 - Initialized Keysight34401A driver for asset DMM-001
2026-08-23 18:59:29.741 | DEBUG    | elims_instruments.intruments.factory | elims_instruments.intruments.factory:create:61 - Created Keysight34401A driver for asset DMM-001
2026-08-23 18:59:29.741 | INFO     | elims_instruments.intruments.factory | elims_instruments.intruments.factory:create_instruments:122 - Created 1 instrument drivers
2026-08-23 18:59:29.741 | INFO     | elims_instruments.boards.factory | elims_instruments.boards.factory:create_boards:86 - Creating 0 board drivers using bench configuration C:\Users\fabie\Documents\projets\elims-instruments\.pytest-tmp\test_bench_without_board_table0\bench.toml
2026-08-23 18:59:29.742 | INFO     | elims_instruments.boards.factory | elims_instruments.boards.factory:create_boards:103 - Created 0 board drivers
2026-08-23 18:59:29.742 | INFO     | elims_instruments.duts.factory | elims_instruments.duts.factory:create_duts:86 - Creating 0 DUTs using bench configuration C:\Users\fabie\Documents\projets\elims-instruments\.pytest-tmp\test_bench_without_board_table0\bench.toml
2026-08-23 18:59:29.744 | INFO     | elims_instruments.duts.factory | elims_instruments.duts.factory:create_duts:103 - Created 0 DUTs
2026-08-23 18:59:29.744 | INFO     | elims_instruments.bench.bench | elims_instruments.bench.bench:__init__:121 - Loaded bench with 1 instruments, 0 boards, and 0 DUTs
2026-08-23 18:59:29.868 | INFO     | elims_instruments.bench.bench | elims_instruments.bench.bench:__init__:103 - Loading bench from C:\Users\fabie\Documents\projets\elims-instruments\.pytest-tmp\test_bench_rejects_missing_ass0\bench.toml
2026-08-23 18:59:29.868 | DEBUG    | elims_instruments.bench.bench | elims_instruments.bench.bench:_read_assignments:40 - Reading bench instruments from C:\Users\fabie\Documents\projets\elims-instruments\.pytest-tmp\test_bench_rejects_missing_ass0\bench.toml
2026-08-23 18:59:29.869 | DEBUG    | elims_instruments.bench.bench | elims_instruments.bench.bench:_read_assignments:86 - Validated bench instruments assignment missing -> DMM-999
2026-08-23 18:59:29.869 | DEBUG    | elims_instruments.bench.bench | elims_instruments.bench.bench:_read_assignments:87 - Validated 1 bench instruments
2026-08-23 18:59:29.869 | DEBUG    | elims_instruments.bench.bench | elims_instruments.bench.bench:_read_assignments:40 - Reading bench boards from C:\Users\fabie\Documents\projets\elims-instruments\.pytest-tmp\test_bench_rejects_missing_ass0\bench.toml
2026-08-23 18:59:29.869 | DEBUG    | elims_instruments.bench.bench | elims_instruments.bench.bench:_read_assignments:40 - Reading bench duts from C:\Users\fabie\Documents\projets\elims-instruments\.pytest-tmp\test_bench_rejects_missing_ass0\bench.toml
2026-08-23 18:59:29.869 | INFO     | elims_instruments.intruments.factory | elims_instruments.intruments.factory:create_instruments:105 - Creating 1 instrument drivers using bench configuration C:\Users\fabie\Documents\projets\elims-instruments\.pytest-tmp\test_bench_rejects_missing_ass0\bench.toml
2026-08-23 18:59:29.870 | DEBUG    | elims_instruments.intruments.factory | elims_instruments.intruments.factory:create_instruments:114 - Resolving bench instrument missing from asset DMM-999
2026-08-23 18:59:29.870 | DEBUG    | elims_instruments.intruments.factory | elims_instruments.database.crud:fetch:112 - fetch
2026-08-23 18:59:29.996 | INFO     | elims_instruments.bench.bench | elims_instruments.bench.bench:__init__:103 - Loading bench from C:\Users\fabie\Documents\projets\elims-instruments\.pytest-tmp\test_bench_rejects_duplicate_a0\bench.toml
2026-08-23 18:59:29.996 | DEBUG    | elims_instruments.bench.bench | elims_instruments.bench.bench:_read_assignments:40 - Reading bench instruments from C:\Users\fabie\Documents\projets\elims-instruments\.pytest-tmp\test_bench_rejects_duplicate_a0\bench.toml
2026-08-23 18:59:29.996 | DEBUG    | elims_instruments.bench.bench | elims_instruments.bench.bench:_read_assignments:86 - Validated bench instruments assignment first -> DMM-001
2026-08-23 18:59:30.112 | INFO     | elims_instruments.bench.bench | elims_instruments.bench.bench:__init__:103 - Loading bench from C:\Users\fabie\Documents\projets\elims-instruments\.pytest-tmp\test_bench_rejects_unauthorize0\bench.toml
2026-08-23 18:59:30.112 | DEBUG    | elims_instruments.bench.bench | elims_instruments.bench.bench:_read_assignments:40 - Reading bench instruments from C:\Users\fabie\Documents\projets\elims-instruments\.pytest-tmp\test_bench_rejects_unauthorize0\bench.toml
2026-08-23 18:59:30.113 | DEBUG    | elims_instruments.intruments.factory | elims_instruments.intruments.factory:create:48 - Selecting driver for asset SCOPE-001 with type oscilloscope
2026-08-23 18:59:30.208 | INFO     | elims_instruments.boards.factory | elims_instruments.boards.factory:create_boards:86 - Creating 1 board drivers using bench configuration C:\Users\fabie\Documents\projets\elims-instruments\.pytest-tmp\test_create_boards_uses_base_d0\bench.toml
2026-08-23 18:59:30.209 | DEBUG    | elims_instruments.boards.factory | elims_instruments.boards.factory:create_boards:95 - Resolving board characterization_board from asset BRD-001
2026-08-23 18:59:30.209 | DEBUG    | elims_instruments.boards.factory | elims_instruments.database.crud:fetch:112 - fetch
2026-08-23 18:59:30.210 | DEBUG    | elims_instruments.boards.factory | elims_instruments.boards.factory:create:43 - Creating Board driver for board asset BRD-001
2026-08-23 18:59:30.210 | DEBUG    | elims_instruments.boards.abstract | elims_instruments.boards.abstract:__init__:20 - Initialized Board driver for board asset BRD-001
2026-08-23 18:59:30.210 | INFO     | elims_instruments.boards.factory | elims_instruments.boards.factory:create_boards:103 - Created 1 board drivers
2026-08-23 18:59:30.211 | DEBUG    | elims_instruments.boards.factory | elims_instruments.boards.factory:register:33 - Registered board builder FixtureBoard for type registered-fixture
2026-08-23 18:59:30.211 | DEBUG    | elims_instruments.boards.factory | elims_instruments.boards.factory:create:43 - Creating FixtureBoard driver for board asset BRD-002
2026-08-23 18:59:30.211 | DEBUG    | elims_instruments.boards.abstract | elims_instruments.boards.abstract:__init__:20 - Initialized FixtureBoard driver for board asset BRD-002
2026-08-23 18:59:30.311 | INFO     | elims_instruments.boards.factory | elims_instruments.boards.factory:create_boards:86 - Creating 1 board drivers using bench configuration C:\Users\fabie\Documents\projets\elims-instruments\.pytest-tmp\test_create_boards_rejects_mis0\bench.toml
2026-08-23 18:59:30.312 | DEBUG    | elims_instruments.boards.factory | elims_instruments.boards.factory:create_boards:95 - Resolving board missing from asset BRD-999
2026-08-23 18:59:30.312 | DEBUG    | elims_instruments.boards.factory | elims_instruments.database.crud:fetch:112 - fetch
2026-08-23 18:59:30.408 | INFO     | elims_instruments.duts.factory | elims_instruments.duts.factory:create_duts:86 - Creating 1 DUTs using bench configuration C:\Users\fabie\Documents\projets\elims-instruments\.pytest-tmp\test_create_duts_uses_base_obj0\bench.toml
2026-08-23 18:59:30.409 | DEBUG    | elims_instruments.duts.factory | elims_instruments.duts.factory:create_duts:95 - Resolving DUT characterized_ic from asset DUT-001
2026-08-23 18:59:30.409 | DEBUG    | elims_instruments.duts.factory | elims_instruments.database.crud:fetch:112 - fetch
2026-08-23 18:59:30.410 | DEBUG    | elims_instruments.duts.factory | elims_instruments.duts.factory:create:43 - Creating Dut for DUT asset DUT-001
2026-08-23 18:59:30.410 | DEBUG    | elims_instruments.duts.abstract | elims_instruments.duts.abstract:__init__:19 - Initialized Dut for DUT asset DUT-001
2026-08-23 18:59:30.410 | INFO     | elims_instruments.duts.factory | elims_instruments.duts.factory:create_duts:103 - Created 1 DUTs
2026-08-23 18:59:30.411 | DEBUG    | elims_instruments.duts.factory | elims_instruments.duts.factory:register:33 - Registered DUT builder CharacterizationDut for revision B
2026-08-23 18:59:30.411 | DEBUG    | elims_instruments.duts.factory | elims_instruments.duts.factory:create:43 - Creating CharacterizationDut for DUT asset DUT-002
2026-08-23 18:59:30.411 | DEBUG    | elims_instruments.duts.abstract | elims_instruments.duts.abstract:__init__:19 - Initialized CharacterizationDut for DUT asset DUT-002
2026-08-23 18:59:30.507 | INFO     | elims_instruments.duts.factory | elims_instruments.duts.factory:create_duts:86 - Creating 1 DUTs using bench configuration C:\Users\fabie\Documents\projets\elims-instruments\.pytest-tmp\test_create_duts_rejects_missi0\bench.toml
2026-08-23 18:59:30.508 | DEBUG    | elims_instruments.duts.factory | elims_instruments.duts.factory:create_duts:95 - Resolving DUT missing from asset DUT-999
2026-08-23 18:59:30.508 | DEBUG    | elims_instruments.duts.factory | elims_instruments.database.crud:fetch:112 - fetch
